Component: ARM Compiler 6.16 Tool: armlink [5dfeaa00]

==============================================================================

Section Cross References

    joystick.o(.text.AdcBat_Init) refers to gd32f4xx_rcu.o(.text.rcu_periph_clock_enable) for rcu_periph_clock_enable
    joystick.o(.text.AdcBat_Init) refers to gd32f4xx_gpio.o(.text.gpio_mode_set) for gpio_mode_set
    joystick.o(.ARM.exidx.text.AdcBat_Init) refers to joystick.o(.text.AdcBat_Init) for [Anonymous Symbol]
    joystick.o(.text.Adc_Init) refers to gd32f4xx_rcu.o(.text.rcu_periph_clock_enable) for rcu_periph_clock_enable
    joystick.o(.text.Adc_Init) refers to gd32f4xx_adc.o(.text.adc_clock_config) for adc_clock_config
    joystick.o(.text.Adc_Init) refers to gd32f4xx_rcu.o(.text.rcu_periph_reset_enable) for rcu_periph_reset_enable
    joystick.o(.text.Adc_Init) refers to gd32f4xx_rcu.o(.text.rcu_periph_reset_disable) for rcu_periph_reset_disable
    joystick.o(.text.Adc_Init) refers to gd32f4xx_adc.o(.text.adc_sync_mode_config) for adc_sync_mode_config
    joystick.o(.text.Adc_Init) refers to gd32f4xx_adc.o(.text.adc_special_function_config) for adc_special_function_config
    joystick.o(.text.Adc_Init) refers to gd32f4xx_adc.o(.text.adc_data_alignment_config) for adc_data_alignment_config
    joystick.o(.text.Adc_Init) refers to gd32f4xx_adc.o(.text.adc_channel_length_config) for adc_channel_length_config
    joystick.o(.text.Adc_Init) refers to gd32f4xx_adc.o(.text.adc_enable) for adc_enable
    joystick.o(.text.Adc_Init) refers to systick.o(.text.delay_1ms) for delay_1ms
    joystick.o(.text.Adc_Init) refers to gd32f4xx_adc.o(.text.adc_calibration_enable) for adc_calibration_enable
    joystick.o(.text.Adc_Init) refers to joystick.o(.text.AdcKey_Init) for AdcKey_Init
    joystick.o(.text.Adc_Init) refers to joystick.o(.text.AdcBat_Init) for AdcBat_Init
    joystick.o(.ARM.exidx.text.Adc_Init) refers to joystick.o(.text.Adc_Init) for [Anonymous Symbol]
    joystick.o(.text.AdcKey_Init) refers to gd32f4xx_rcu.o(.text.rcu_periph_clock_enable) for rcu_periph_clock_enable
    joystick.o(.text.AdcKey_Init) refers to gd32f4xx_gpio.o(.text.gpio_mode_set) for gpio_mode_set
    joystick.o(.text.AdcKey_Init) refers to joystick.o(.text.Adc0_GetValue) for Adc0_GetValue
    joystick.o(.text.AdcKey_Init) refers to f2d.o(.text) for __aeabi_f2d
    joystick.o(.text.AdcKey_Init) refers to dadd.o(.text) for __aeabi_dsub
    joystick.o(.text.AdcKey_Init) refers to ddiv.o(.text) for __aeabi_ddiv
    joystick.o(.text.AdcKey_Init) refers to d2f.o(.text) for __aeabi_d2f
    joystick.o(.text.AdcKey_Init) refers to joystick.o(.bss.adcX_ValueOffset) for adcX_ValueOffset
    joystick.o(.text.AdcKey_Init) refers to joystick.o(.bss.adcY_ValueOffset) for adcY_ValueOffset
    joystick.o(.ARM.exidx.text.AdcKey_Init) refers to joystick.o(.text.AdcKey_Init) for [Anonymous Symbol]
    joystick.o(.text.Adc0_GetValue) refers to gd32f4xx_adc.o(.text.adc_routine_channel_config) for adc_routine_channel_config
    joystick.o(.text.Adc0_GetValue) refers to gd32f4xx_adc.o(.text.adc_software_trigger_enable) for adc_software_trigger_enable
    joystick.o(.text.Adc0_GetValue) refers to gd32f4xx_adc.o(.text.adc_flag_get) for adc_flag_get
    joystick.o(.text.Adc0_GetValue) refers to gd32f4xx_adc.o(.text.adc_flag_clear) for adc_flag_clear
    joystick.o(.text.Adc0_GetValue) refers to gd32f4xx_adc.o(.text.adc_routine_data_read) for adc_routine_data_read
    joystick.o(.ARM.exidx.text.Adc0_GetValue) refers to joystick.o(.text.Adc0_GetValue) for [Anonymous Symbol]
    joystick.o(.text.Get_Joystick_X) refers to joystick.o(.text.Adc0_GetValue) for Adc0_GetValue
    joystick.o(.text.Get_Joystick_X) refers to f2d.o(.text) for __aeabi_f2d
    joystick.o(.text.Get_Joystick_X) refers to dadd.o(.text) for __aeabi_dsub
    joystick.o(.text.Get_Joystick_X) refers to ddiv.o(.text) for __aeabi_ddiv
    joystick.o(.text.Get_Joystick_X) refers to joystick.o(.bss.adcX_ValueOffset) for adcX_ValueOffset
    joystick.o(.text.Get_Joystick_X) refers to d2f.o(.text) for __aeabi_d2f
    joystick.o(.ARM.exidx.text.Get_Joystick_X) refers to joystick.o(.text.Get_Joystick_X) for [Anonymous Symbol]
    joystick.o(.text.Get_Joystick_Y) refers to joystick.o(.text.Adc0_GetValue) for Adc0_GetValue
    joystick.o(.text.Get_Joystick_Y) refers to f2d.o(.text) for __aeabi_f2d
    joystick.o(.text.Get_Joystick_Y) refers to dadd.o(.text) for __aeabi_dsub
    joystick.o(.text.Get_Joystick_Y) refers to ddiv.o(.text) for __aeabi_ddiv
    joystick.o(.text.Get_Joystick_Y) refers to joystick.o(.bss.adcY_ValueOffset) for adcY_ValueOffset
    joystick.o(.text.Get_Joystick_Y) refers to d2f.o(.text) for __aeabi_d2f
    joystick.o(.ARM.exidx.text.Get_Joystick_Y) refers to joystick.o(.text.Get_Joystick_Y) for [Anonymous Symbol]
    joystick.o(.text.Joystick_ReadDir) refers to joystick.o(.text.Get_Joystick_X) for Get_Joystick_X
    joystick.o(.text.Joystick_ReadDir) refers to joystick.o(.text.Get_Joystick_Y) for Get_Joystick_Y
[...]
    ../clib/microlib/init/entry.s            0x00000000   Number         0  entry10a.o ABSOLUTE
    ../clib/microlib/init/entry.s            0x00000000   Number         0  entry10b.o ABSOLUTE
    ../clib/microlib/init/entry.s            0x00000000   Number         0  entry11a.o ABSOLUTE
    ../clib/microlib/init/entry.s            0x00000000   Number         0  entry11b.o ABSOLUTE
    ../clib/microlib/longlong.c              0x00000000   Number         0  llshl.o ABSOLUTE
    ../clib/microlib/longlong.c              0x00000000   Number         0  llsshr.o ABSOLUTE
    ../clib/microlib/longlong.c              0x00000000   Number         0  llushr.o ABSOLUTE
    ../clib/microlib/printf/printf.c         0x00000000   Number         0  printfa.o ABSOLUTE
    ../clib/microlib/stdio/fputc.c           0x00000000   Number         0  fputc.o ABSOLUTE
    ../clib/microlib/stdio/fputc.c           0x00000000   Number         0  fputc_h.o ABSOLUTE
    ../clib/microlib/stdio/semi.s            0x00000000   Number         0  semi.o ABSOLUTE
    ../clib/microlib/stdio/streams.c         0x00000000   Number         0  stdout.o ABSOLUTE
    ../clib/microlib/stdlib/abs.c            0x00000000   Number         0  siabs.o ABSOLUTE
    ../clib/microlib/stdlib/abs.c            0x00000000   Number         0  ilabs.o ABSOLUTE
    ../clib/microlib/string/memcmp.c         0x00000000   Number         0  memcmp.o ABSOLUTE
    ../clib/microlib/string/memset.c         0x00000000   Number         0  memseta.o ABSOLUTE
    ../clib/microlib/stubs.s                 0x00000000   Number         0  iusefp.o ABSOLUTE
    ../clib/microlib/stubs.s                 0x00000000   Number         0  iusesemip.o ABSOLUTE
    ../fplib/microlib/d2f.c                  0x00000000   Number         0  d2f.o ABSOLUTE
    ../fplib/microlib/f2d.c                  0x00000000   Number         0  f2d.o ABSOLUTE
    ../fplib/microlib/fpadd.c                0x00000000   Number         0  dadd.o ABSOLUTE
    ../fplib/microlib/fpdiv.c                0x00000000   Number         0  ddiv.o ABSOLUTE
    ../fplib/microlib/fpepilogue.c           0x00000000   Number         0  fepilogue.o ABSOLUTE
    ../fplib/microlib/fpepilogue.c           0x00000000   Number         0  depilogue.o ABSOLUTE
    ../fplib/microlib/fpfix.c                0x00000000   Number         0  dfixul.o ABSOLUTE
    ../fplib/microlib/fpmul.c                0x00000000   Number         0  dmul.o ABSOLUTE
    Amplifier.c                              0x00000000   Number         0  amplifier.o ABSOLUTE
    BasicDrawing.c                           0x00000000   Number         0  basicdrawing.o ABSOLUTE
    Eeprom.c                                 0x00000000   Number         0  eeprom.o ABSOLUTE
    Font.c                                   0x00000000   Number         0  font.o ABSOLUTE
    Food.c                                   0x00000000   Number         0  food.o ABSOLUTE
    Image.c                                  0x00000000   Number         0  image.o ABSOLUTE
    Joystick.c                               0x00000000   Number         0  joystick.o ABSOLUTE
    Key.c                                    0x00000000   Number         0  key.o ABSOLUTE
    LED.c                                    0x00000000   Number         0  led.o ABSOLUTE
    Motor.c                                  0x00000000   Number         0  motor.o ABSOLUTE
    PWM.c                                    0x00000000   Number         0  pwm.o ABSOLUTE
    Random.c                                 0x00000000   Number         0  random.o ABSOLUTE
    SPI.c                                    0x00000000   Number         0  spi.o ABSOLUTE
    Score.c                                  0x00000000   Number         0  score.o ABSOLUTE
    Screen.c                                 0x00000000   Number         0  screen.o ABSOLUTE
    Snake.c                                  0x00000000   Number         0  snake.o ABSOLUTE
    Timer.c                                  0x00000000   Number         0  timer.o ABSOLUTE
    cdrcmple.s                               0x00000000   Number         0  cdrcmple.o ABSOLUTE
    dc.s                                     0x00000000   Number         0  dc.o ABSOLUTE
    game.c                                   0x00000000   Number         0  game.o ABSOLUTE
    gd32f4xx_adc.c                           0x00000000   Number         0  gd32f4xx_adc.o ABSOLUTE
    gd32f4xx_can.c                           0x00000000   Number         0  gd32f4xx_can.o ABSOLUTE
    gd32f4xx_crc.c                           0x00000000   Number         0  gd32f4xx_crc.o ABSOLUTE
    gd32f4xx_ctc.c                           0x00000000   Number         0  gd32f4xx_ctc.o ABSOLUTE
    gd32f4xx_dac.c                           0x00000000   Number         0  gd32f4xx_dac.o ABSOLUTE
    gd32f4xx_dbg.c                           0x00000000   Number         0  gd32f4xx_dbg.o ABSOLUTE
    gd32f4xx_dci.c                           0x00000000   Number         0  gd32f4xx_dci.o ABSOLUTE
    gd32f4xx_dma.c                           0x00000000   Number         0  gd32f4xx_dma.o ABSOLUTE
    gd32f4xx_enet.c                          0x00000000   Number         0  gd32f4xx_enet.o ABSOLUTE
    gd32f4xx_exmc.c                          0x00000000   Number         0  gd32f4xx_exmc.o ABSOLUTE
    gd32f4xx_exti.c                          0x00000000   Number         0  gd32f4xx_exti.o ABSOLUTE
    gd32f4xx_fmc.c                           0x00000000   Number         0  gd32f4xx_fmc.o ABSOLUTE
    gd32f4xx_fwdgt.c                         0x00000000   Number         0  gd32f4xx_fwdgt.o ABSOLUTE
    gd32f4xx_gpio.c                          0x00000000   Number         0  gd32f4xx_gpio.o ABSOLUTE
    gd32f4xx_i2c.c                           0x00000000   Number         0  gd32f4xx_i2c.o ABSOLUTE
    gd32f4xx_ipa.c                           0x00000000   Number         0  gd32f4xx_ipa.o ABSOLUTE
    gd32f4xx_iref.c                          0x00000000   Number         0  gd32f4xx_iref.o ABSOLUTE
    gd32f4xx_it.c                            0x00000000   Number         0  gd32f4xx_it.o ABSOLUTE
    gd32f4xx_misc.c                          0x00000000   Number         0  gd32f4xx_misc.o ABSOLUTE
    gd32f4xx_pmu.c                           0x00000000   Number         0  gd32f4xx_pmu.o ABSOLUTE
    gd32f4xx_rcu.c                           0x00000000   Number         0  gd32f4xx_rcu.o ABSOLUTE
    gd32f4xx_rtc.c                           0x00000000   Number         0  gd32f4xx_rtc.o ABSOLUTE
    gd32f4xx_sdio.c                          0x00000000   Number         0  gd32f4xx_sdio.o ABSOLUTE
    gd32f4xx_spi.c                           0x00000000   Number         0  gd32f4xx_spi.o ABSOLUTE
    gd32f4xx_syscfg.c                        0x00000000   Number         0  gd32f4xx_syscfg.o ABSOLUTE
    gd32f4xx_timer.c                         0x00000000   Number         0  gd32f4xx_timer.o ABSOLUTE
    gd32f4xx_tli.c                           0x00000000   Number         0  gd32f4xx_tli.o ABSOLUTE
    gd32f4xx_trng.c                          0x00000000   Number         0  gd32f4xx_trng.o ABSOLUTE
    gd32f4xx_usart.c                         0x00000000   Number         0  gd32f4xx_usart.o ABSOLUTE
    gd32f4xx_wwdgt.c                         0x00000000   Number         0  gd32f4xx_wwdgt.o ABSOLUTE
    handlers.s                               0x00000000   Number         0  handlers.o ABSOLUTE
    init.s                                   0x00000000   Number         0  init.o ABSOLUTE
    main.c                                   0x00000000   Number         0  main.o ABSOLUTE
    system_gd32f4xx.c                        0x00000000   Number         0  system_gd32f4xx.o ABSOLUTE
    systick.c                                0x00000000   Number         0  systick.o ABSOLUTE
    RESET                                    0x08000000   Section      428  startup_gd32f450_470.o(RESET)
    .ARM.Collect$$$$00000000                 0x080001ac   Section        0  entry.o(.ARM.Collect$$$$00000000)
    .ARM.Collect$$$$00000001                 0x080001ac   Section        4  entry2.o(.ARM.Collect$$$$00000001)
    .ARM.Collect$$$$00000004                 0x080001b0   Section        4  entry5.o(.ARM.Collect$$$$00000004)
    .ARM.Collect$$$$00000008                 0x080001b4   Section        0  entry7b.o(.ARM.Collect$$$$00000008)
    .ARM.Collect$$$$0000000A                 0x080001b4   Section        0  entry8b.o(.ARM.Collect$$$$0000000A)
    .ARM.Collect$$$$0000000B                 0x080001b4   Section        8  entry9a.o(.ARM.Collect$$$$0000000B)
    __lit__00000000                          0x080001bc   Data           4  entry2.o(.ARM.Collect$$$$00002712)
    .ARM.Collect$$$$0000000D                 0x080001bc   Section        0  entry10a.o(.ARM.Collect$$$$0000000D)
    .ARM.Collect$$$$0000000F                 0x080001bc   Section        0  entry11a.o(.ARM.Collect$$$$0000000F)
    .ARM.Collect$$$$00002712                 0x080001bc   Section        4  entry2.o(.ARM.Collect$$$$00002712)
    $v0                                      0x080001c0   Number         0  startup_gd32f450_470.o(.text)
    .text                                    0x080001c0   Section       36  startup_gd32f450_470.o(.text)
    .text                                    0x080001e4   Section        0  siabs.o(.text)
    .text                                    0x080001ec   Section        0  memseta.o(.text)
    .text                                    0x08000210   Section        0  memcmp.o(.text)
    .text                                    0x0800022a   Section        0  dadd.o(.text)
    .text                                    0x08000378   Section        0  ddiv.o(.text)
    .text                                    0x08000456   Section        0  f2d.o(.text)
    .text                                    0x0800047c   Section        0  d2f.o(.text)
    .text                                    0x080004b4   Section        0  uidiv.o(.text)
    .text                                    0x080004e0   Section        0  uldiv.o(.text)
    .text                                    0x08000542   Section        0  llshl.o(.text)
    .text                                    0x08000560   Section        0  llsshr.o(.text)
    .text                                    0x08000584   Section        0  iusefp.o(.text)
    .text                                    0x08000584   Section        0  fepilogue.o(.text)
    .text                                    0x080005f2   Section        0  depilogue.o(.text)
    .text                                    0x080006ac   Section        0  dmul.o(.text)
    .text                                    0x08000790   Section        0  dfixul.o(.text)
    .text                                    0x080007c0   Section       48  cdrcmple.o(.text)
    .text                                    0x080007f0   Section       36  init.o(.text)
    .text                                    0x08000814   Section        0  llushr.o(.text)
    [Anonymous Symbol]                       0x08000834   Section        0  joystick.o(.text.Adc0_GetValue)
    [Anonymous Symbol]                       0x0800088c   Section        0  joystick.o(.text.AdcBat_Init)
    [Anonymous Symbol]                       0x080008b0   Section        0  joystick.o(.text.AdcKey_Init)
    [Anonymous Symbol]                       0x080009e0   Section        0  joystick.o(.text.Adc_Init)
    [Anonymous Symbol]                       0x08000a64   Section        0  gd32f4xx_it.o(.text.BusFault_Handler)
    [Anonymous Symbol]                       0x08000a68   Section        0  gd32f4xx_it.o(.text.DebugMon_Handler)
    [Anonymous Symbol]                       0x08000a6c   Section        0  key.o(.text.EXTI0_IRQHandler)
    [Anonymous Symbol]                       0x08000af8   Section        0  key.o(.text.EXTI10_15_IRQHandler)
    [Anonymous Symbol]                       0x08000b90   Section        0  key.o(.text.EXTI2_IRQHandler)
    [Anonymous Symbol]                       0x08000c20   Section        0  key.o(.text.EXTI5_9_IRQHandler)
    [Anonymous Symbol]                       0x08000cb8   Section        0  joystick.o(.text.Get_Joystick_X)
    [Anonymous Symbol]                       0x08000d68   Section        0  joystick.o(.text.Get_Joystick_Y)
    [Anonymous Symbol]                       0x08000e18   Section        0  gd32f4xx_it.o(.text.HardFault_Handler)
    [Anonymous Symbol]                       0x08000e1c   Section        0  joystick.o(.text.Joystick_ReadDir)
    [Anonymous Symbol]                       0x08000f04   Section        0  led.o(.text.LEDenable)
    [Anonymous Symbol]                       0x08000fb8   Section        0  basicdrawing.o(.text.Lcd_DrawFilledRectangle)
    [Anonymous Symbol]                       0x08001040   Section        0  basicdrawing.o(.text.Lcd_DrawImage)
    [Anonymous Symbol]                       0x080010e0   Section        0  basicdrawing.o(.text.Lcd_DrawLine)
    [Anonymous Symbol]                       0x080011f4   Section        0  basicdrawing.o(.text.Lcd_DrawRectangle)
    Lcd_Get16ChineseBitmap                   0x080012a5   Thumb Code   162  basicdrawing.o(.text.Lcd_Get16ChineseBitmap)
    [Anonymous Symbol]                       0x080012a4   Section        0  basicdrawing.o(.text.Lcd_Get16ChineseBitmap)
    Lcd_Get24ChineseBitmap                   0x08001349   Thumb Code   162  basicdrawing.o(.text.Lcd_Get24ChineseBitmap)
    [Anonymous Symbol]                       0x08001348   Section        0  basicdrawing.o(.text.Lcd_Get24ChineseBitmap)
    Lcd_Get32ChineseBitmap                   0x080013ed   Thumb Code   162  basicdrawing.o(.text.Lcd_Get32ChineseBitmap)
    [Anonymous Symbol]                       0x080013ec   Section        0  basicdrawing.o(.text.Lcd_Get32ChineseBitmap)
    Lcd_GetAsciiBitmap                       0x08001491   Thumb Code   240  basicdrawing.o(.text.Lcd_GetAsciiBitmap)
    [Anonymous Symbol]                       0x08001490   Section        0  basicdrawing.o(.text.Lcd_GetAsciiBitmap)
    [Anonymous Symbol]                       0x08001580   Section        0  screen.o(.text.Lcd_GetH)
    Lcd_GetUtf8Len                           0x080015bd   Thumb Code   112  basicdrawing.o(.text.Lcd_GetUtf8Len)
    [Anonymous Symbol]                       0x080015bc   Section        0  basicdrawing.o(.text.Lcd_GetUtf8Len)
    [Anonymous Symbol]                       0x0800162c   Section        0  screen.o(.text.Lcd_GetW)
    [Anonymous Symbol]                       0x08001668   Section        0  screen.o(.text.Lcd_Init)
    [Anonymous Symbol]                       0x080018ac   Section        0  basicdrawing.o(.text.Lcd_NewFrame)
    [Anonymous Symbol]                       0x080018c4   Section        0  screen.o(.text.Lcd_PushStart)
    [Anonymous Symbol]                       0x080019a4   Section        0  screen.o(.text.Lcd_SetOrientation)
    [Anonymous Symbol]                       0x080019d0   Section        0  basicdrawing.o(.text.Lcd_SetPixel)
    [Anonymous Symbol]                       0x08001adc   Section        0  basicdrawing.o(.text.Lcd_Show16ChineseChar)
    [Anonymous Symbol]                       0x08001bf8   Section        0  basicdrawing.o(.text.Lcd_Show24ChineseChar)
    [Anonymous Symbol]                       0x08001cfc   Section        0  basicdrawing.o(.text.Lcd_Show32ChineseChar)
    [Anonymous Symbol]                       0x08001e64   Section        0  basicdrawing.o(.text.Lcd_ShowChar)
    [Anonymous Symbol]                       0x0800216c   Section        0  basicdrawing.o(.text.Lcd_ShowFrame)
    [Anonymous Symbol]                       0x08002204   Section        0  basicdrawing.o(.text.Lcd_ShowString)
    [Anonymous Symbol]                       0x080023d0   Section        0  screen.o(.text.Lcd_WriteCom)
    [Anonymous Symbol]                       0x0800240c   Section        0  screen.o(.text.Lcd_WriteData)
    [Anonymous Symbol]                       0x08002448   Section        0  screen.o(.text.Lcd_WriteData16)
    [Anonymous Symbol]                       0x0800248c   Section        0  gd32f4xx_it.o(.text.MemManage_Handler)
    [Anonymous Symbol]                       0x08002490   Section        0  gd32f4xx_it.o(.text.NMI_Handler)
    NVIC_SetPriority                         0x08002495   Thumb Code    68  systick.o(.text.NVIC_SetPriority)
    [Anonymous Symbol]                       0x08002494   Section        0  systick.o(.text.NVIC_SetPriority)
    [Anonymous Symbol]                       0x080024d8   Section        0  gd32f4xx_it.o(.text.PendSV_Handler)
    [Anonymous Symbol]                       0x080024dc   Section        0  motor.o(.text.PwmMotor_Init)
    [Anonymous Symbol]                       0x0800259c   Section        0  gd32f4xx_it.o(.text.SVC_Handler)
    [Anonymous Symbol]                       0x080025a0   Section        0  spi.o(.text.Spi4_Init)
    [Anonymous Symbol]                       0x08002624   Section        0  spi.o(.text.Spi4_Write)
    SysTick_Config                           0x0800266d   Thumb Code    82  systick.o(.text.SysTick_Config)
    [Anonymous Symbol]                       0x0800266c   Section        0  systick.o(.text.SysTick_Config)
    [Anonymous Symbol]                       0x080026c0   Section        0  gd32f4xx_it.o(.text.SysTick_Handler)
    [Anonymous Symbol]                       0x080026c8   Section        0  system_gd32f4xx.o(.text.SystemInit)
    [Anonymous Symbol]                       0x0800288c   Section        0  timer.o(.text.TIMER5_DAC_IRQHandler)
    [Anonymous Symbol]                       0x080028f4   Section        0  random.o(.text.TRNG_GetRandom)
    [Anonymous Symbol]                       0x080029a0   Section        0  random.o(.text.TRNG_Init)
    [Anonymous Symbol]                       0x080029e8   Section        0  gd32f4xx_it.o(.text.UsageFault_Handler)
    _soft_delay_                             0x080029ed   Thumb Code    40  system_gd32f4xx.o(.text._soft_delay_)
    [Anonymous Symbol]                       0x080029ec   Section        0  system_gd32f4xx.o(.text._soft_delay_)
    [Anonymous Symbol]                       0x08002a14   Section        0  gd32f4xx_adc.o(.text.adc_calibration_enable)
    [Anonymous Symbol]                       0x08002a50   Section        0  gd32f4xx_adc.o(.text.adc_channel_length_config)
    [Anonymous Symbol]                       0x08002ae0   Section        0  gd32f4xx_adc.o(.text.adc_clock_config)
    [Anonymous Symbol]                       0x08002b00   Section        0  gd32f4xx_adc.o(.text.adc_data_alignment_config)
    [Anonymous Symbol]                       0x08002b28   Section        0  gd32f4xx_adc.o(.text.adc_enable)
    [Anonymous Symbol]                       0x08002b48   Section        0  gd32f4xx_adc.o(.text.adc_flag_clear)
    [Anonymous Symbol]                       0x08002b5c   Section        0  gd32f4xx_adc.o(.text.adc_flag_get)
    [Anonymous Symbol]                       0x08002b84   Section        0  gd32f4xx_adc.o(.text.adc_routine_channel_config)
    [Anonymous Symbol]                       0x08002cf8   Section        0  gd32f4xx_adc.o(.text.adc_routine_data_read)
    [Anonymous Symbol]                       0x08002d08   Section        0  gd32f4xx_adc.o(.text.adc_software_trigger_enable)
    [Anonymous Symbol]                       0x08002d44   Section        0  gd32f4xx_adc.o(.text.adc_special_function_config)
    [Anonymous Symbol]                       0x08002dec   Section        0  gd32f4xx_adc.o(.text.adc_sync_mode_config)
    [Anonymous Symbol]                       0x08002e0c   Section        0  timer.o(.text.basic_timer_config)
    [Anonymous Symbol]                       0x08002e80   Section        0  snake.o(.text.darw_snake_head)
    [Anonymous Symbol]                       0x08002f20   Section        0  systick.o(.text.delay_1ms)
    [Anonymous Symbol]                       0x08002f48   Section        0  systick.o(.text.delay_decrement)
    [Anonymous Symbol]                       0x08002f68   Section        0  snake.o(.text.draw_food)
    [Anonymous Symbol]                       0x08002fec   Section        0  snake.o(.text.draw_score_flame)
    [Anonymous Symbol]                       0x0800300c   Section        0  snake.o(.text.draw_snake_body)
    [Anonymous Symbol]                       0x0800308c   Section        0  snake.o(.text.erase_snake_tail)
    [Anonymous Symbol]                       0x080030b0   Section        0  gd32f4xx_exti.o(.text.exti_init)
    [Anonymous Symbol]                       0x080031bc   Section        0  gd32f4xx_exti.o(.text.exti_interrupt_enable)
    [Anonymous Symbol]                       0x080031d4   Section        0  gd32f4xx_exti.o(.text.exti_interrupt_flag_clear)
    [Anonymous Symbol]                       0x080031e8   Section        0  gd32f4xx_exti.o(.text.exti_interrupt_flag_get)
    [Anonymous Symbol]                       0x08003218   Section        0  food.o(.text.food_init)
    [Anonymous Symbol]                       0x08003224   Section        0  food.o(.text.food_spawn)
    [Anonymous Symbol]                       0x080033a4   Section        0  game.o(.text.game_init)
    [Anonymous Symbol]                       0x08003408   Section        0  gd32f4xx_gpio.o(.text.gpio_af_set)
    [Anonymous Symbol]                       0x080034dc   Section        0  gd32f4xx_gpio.o(.text.gpio_bit_set)
    [Anonymous Symbol]                       0x080034ec   Section        0  gd32f4xx_gpio.o(.text.gpio_bit_toggle)
    [Anonymous Symbol]                       0x080034fc   Section        0  gd32f4xx_gpio.o(.text.gpio_bit_write)
    [Anonymous Symbol]                       0x08003524   Section        0  gd32f4xx_gpio.o(.text.gpio_input_bit_get)
    [Anonymous Symbol]                       0x08003550   Section        0  gd32f4xx_gpio.o(.text.gpio_mode_set)
    [Anonymous Symbol]                       0x080035ec   Section        0  gd32f4xx_gpio.o(.text.gpio_output_options_set)
    [Anonymous Symbol]                       0x08003680   Section        0  key.o(.text.key_init)
    [Anonymous Symbol]                       0x080037a8   Section        0  main.o(.text.main)
    [Anonymous Symbol]                       0x08003b18   Section        0  snake.o(.text.map_x)
    [Anonymous Symbol]                       0x08003b28   Section        0  snake.o(.text.map_y)
    [Anonymous Symbol]                       0x08003b3c   Section        0  gd32f4xx_misc.o(.text.nvic_irq_enable)
    [Anonymous Symbol]                       0x08003c64   Section        0  gd32f4xx_misc.o(.text.nvic_priority_group_set)
    [Anonymous Symbol]                       0x08003c80   Section        0  gd32f4xx_rcu.o(.text.rcu_periph_clock_enable)
    [Anonymous Symbol]                       0x08003ca8   Section        0  gd32f4xx_rcu.o(.text.rcu_periph_reset_disable)
    [Anonymous Symbol]                       0x08003cd0   Section        0  gd32f4xx_rcu.o(.text.rcu_periph_reset_enable)
    [Anonymous Symbol]                       0x08003cf8   Section        0  gd32f4xx_rcu.o(.text.rcu_timer_clock_prescaler_config)
    [Anonymous Symbol]                       0x08003d30   Section        0  score.o(.text.score_draw)
    [Anonymous Symbol]                       0x08003d90   Section        0  score.o(.text.score_init)
    [Anonymous Symbol]                       0x08003da0   Section        0  score.o(.text.score_update)
    [Anonymous Symbol]                       0x08003dc0   Section        0  snake.o(.text.snake_draw)
    [Anonymous Symbol]                       0x08003e5c   Section        0  snake.o(.text.snake_erase)
    [Anonymous Symbol]                       0x08003ec8   Section        0  snake.o(.text.snake_grow)
    [Anonymous Symbol]                       0x08003f08   Section        0  snake.o(.text.snake_init)
    [Anonymous Symbol]                       0x08003f2c   Section        0  snake.o(.text.snake_move)
    [Anonymous Symbol]                       0x08004128   Section        0  gd32f4xx_spi.o(.text.spi_enable)
    [Anonymous Symbol]                       0x0800413c   Section        0  gd32f4xx_spi.o(.text.spi_i2s_data_transmit)
    [Anonymous Symbol]                       0x08004150   Section        0  gd32f4xx_spi.o(.text.spi_i2s_flag_get)
    [Anonymous Symbol]                       0x0800417c   Section        0  gd32f4xx_spi.o(.text.spi_init)
    [Anonymous Symbol]                       0x080041f0   Section        0  gd32f4xx_syscfg.o(.text.syscfg_exti_line_config)
    system_clock_200m_25m_hxtal              0x080042a5   Thumb Code   378  system_gd32f4xx.o(.text.system_clock_200m_25m_hxtal)
    [Anonymous Symbol]                       0x080042a4   Section        0  system_gd32f4xx.o(.text.system_clock_200m_25m_hxtal)
    system_clock_config                      0x08004421   Thumb Code     8  system_gd32f4xx.o(.text.system_clock_config)
    [Anonymous Symbol]                       0x08004420   Section        0  system_gd32f4xx.o(.text.system_clock_config)
    [Anonymous Symbol]                       0x08004428   Section        0  systick.o(.text.systick_config)
    [Anonymous Symbol]                       0x0800445c   Section        0  gd32f4xx_timer.o(.text.timer_auto_reload_shadow_enable)
    [Anonymous Symbol]                       0x08004470   Section        0  gd32f4xx_timer.o(.text.timer_channel_output_config)
    [Anonymous Symbol]                       0x08004738   Section        0  gd32f4xx_timer.o(.text.timer_channel_output_mode_config)
    [Anonymous Symbol]                       0x080047c4   Section        0  gd32f4xx_timer.o(.text.timer_channel_output_pulse_value_config)
    [Anonymous Symbol]                       0x0800480c   Section        0  gd32f4xx_timer.o(.text.timer_channel_output_shadow_config)
    [Anonymous Symbol]                       0x08004898   Section        0  gd32f4xx_timer.o(.text.timer_deinit)
    [Anonymous Symbol]                       0x08004a80   Section        0  gd32f4xx_timer.o(.text.timer_disable)
    [Anonymous Symbol]                       0x08004a94   Section        0  gd32f4xx_timer.o(.text.timer_enable)
    [Anonymous Symbol]                       0x08004aa8   Section        0  gd32f4xx_timer.o(.text.timer_init)
    [Anonymous Symbol]                       0x08004ba8   Section        0  gd32f4xx_timer.o(.text.timer_interrupt_enable)
    [Anonymous Symbol]                       0x08004bbc   Section        0  gd32f4xx_timer.o(.text.timer_interrupt_flag_clear)
    [Anonymous Symbol]                       0x08004bd0   Section        0  gd32f4xx_timer.o(.text.timer_interrupt_flag_get)
    i.__0sprintf                             0x08004c0c   Section        0  printfa.o(i.__0sprintf)
    i.__scatterload_copy                     0x08004c34   Section       14  handlers.o(i.__scatterload_copy)
    i.__scatterload_null                     0x08004c42   Section        2  handlers.o(i.__scatterload_null)
    i.__scatterload_zeroinit                 0x08004c44   Section       14  handlers.o(i.__scatterload_zeroinit)
    _fp_digits                               0x08004c55   Thumb Code   366  printfa.o(i._fp_digits)
    i._fp_digits                             0x08004c54   Section        0  printfa.o(i._fp_digits)
    _printf_core                             0x08004dd9   Thumb Code  1744  printfa.o(i._printf_core)
    i._printf_core                           0x08004dd8   Section        0  printfa.o(i._printf_core)
    _printf_post_padding                     0x080054b5   Thumb Code    36  printfa.o(i._printf_post_padding)
    i._printf_post_padding                   0x080054b4   Section        0  printfa.o(i._printf_post_padding)
    _printf_pre_padding                      0x080054d9   Thumb Code    46  printfa.o(i._printf_pre_padding)
    i._printf_pre_padding                    0x080054d8   Section        0  printfa.o(i._printf_pre_padding)
    _sputc                                   0x08005507   Thumb Code    10  printfa.o(i._sputc)
    i._sputc                                 0x08005506   Section        0  printfa.o(i._sputc)
    .L.str                                   0x0806d03a   Data          13  main.o(.rodata.str1.1)
    [Anonymous Symbol]                       0x0806d03a   Section        0  main.o(.rodata.str1.1)
    .L.str                                   0x0806d047   Data           3  score.o(.rodata.str1.1)
    [Anonymous Symbol]                       0x0806d047   Section        0  score.o(.rodata.str1.1)
    A_lock                                   0x20000008   Data           1  key.o(.bss.A_lock)
    [Anonymous Symbol]                       0x20000008   Section        0  key.o(.bss.A_lock)
    B_lock                                   0x2000000a   Data           1  key.o(.bss.B_lock)
    [Anonymous Symbol]                       0x2000000a   Section        0  key.o(.bss.B_lock)
    LCD_GRAM                                 0x2000000c   Data       134400  basicdrawing.o(.bss.LCD_GRAM)
    [Anonymous Symbol]                       0x2000000c   Section        0  basicdrawing.o(.bss.LCD_GRAM)
    L_lock                                   0x20020d0c   Data           1  key.o(.bss.L_lock)
    [Anonymous Symbol]                       0x20020d0c   Section        0  key.o(.bss.L_lock)
    R_lock                                   0x20020d0e   Data           1  key.o(.bss.R_lock)
    [Anonymous Symbol]                       0x20020d0e   Section        0  key.o(.bss.R_lock)
    delay                                    0x20020d1c   Data           4  systick.o(.bss.delay)
    [Anonymous Symbol]                       0x20020d1c   Section        0  systick.o(.bss.delay)
    last_random                              0x20020d38   Data           4  random.o(.bss.last_random)
    [Anonymous Symbol]                       0x20020d38   Section        0  random.o(.bss.last_random)
    STACK                                    0x20021230   Section     1024  startup_gd32f450_470.o(STACK)

    Global Symbols

    Symbol Name                              Value     Ov Type        Size  Object(Section)

    BuildAttributes$$THM_ISAv4$E$P$D$K$B$S$7EM$VFPi3$EXTD16$VFPS$VFMA$PE$A:L22UL41UL21$X:L11$S22US41US21$IEEE1$IW$~IW$USESV6$~STKCKD$USESV7$~SHL$OTIME$ROPI$EBA8$MICROLIB$REQ8$PRES8$EABIv2 0x00000000   Number         0  anon$$obj.o ABSOLUTE
    __cpp_initialize__aeabi_                  - Undefined Weak Reference
    __cxa_finalize                            - Undefined Weak Reference
    __decompress                              - Undefined Weak Reference
    _clock_init                               - Undefined Weak Reference
    _microlib_exit                            - Undefined Weak Reference
    __Vectors_Size                           0x000001ac   Number         0  startup_gd32f450_470.o ABSOLUTE
    __Vectors                                0x08000000   Data           4  startup_gd32f450_470.o(RESET)
    __Vectors_End                            0x080001ac   Data           0  startup_gd32f450_470.o(RESET)
    __main                                   0x080001ad   Thumb Code     0  entry.o(.ARM.Collect$$$$00000000)
    _main_stk                                0x080001ad   Thumb Code     0  entry2.o(.ARM.Collect$$$$00000001)
    _main_scatterload                        0x080001b1   Thumb Code     0  entry5.o(.ARM.Collect$$$$00000004)
    __main_after_scatterload                 0x080001b5   Thumb Code     0  entry5.o(.ARM.Collect$$$$00000004)
    _main_clock                              0x080001b5   Thumb Code     0  entry7b.o(.ARM.Collect$$$$00000008)
    _main_cpp_init                           0x080001b5   Thumb Code     0  entry8b.o(.ARM.Collect$$$$0000000A)
    _main_init                               0x080001b5   Thumb Code     0  entry9a.o(.ARM.Collect$$$$0000000B)
    __rt_final_cpp                           0x080001bd   Thumb Code     0  entry10a.o(.ARM.Collect$$$$0000000D)
    __rt_final_exit                          0x080001bd   Thumb Code     0  entry11a.o(.ARM.Collect$$$$0000000F)
    Reset_Handler                            0x080001c1   Thumb Code     8  startup_gd32f450_470.o(.text)
    ADC_IRQHandler                           0x080001db   Thumb Code     0  startup_gd32f450_470.o(.text)
    CAN0_EWMC_IRQHandler                     0x080001db   Thumb Code     0  startup_gd32f450_470.o(.text)
    CAN0_RX0_IRQHandler                      0x080001db   Thumb Code     0  startup_gd32f450_470.o(.text)
    CAN0_RX1_IRQHandler                      0x080001db   Thumb Code     0  startup_gd32f450_470.o(.text)
    CAN0_TX_IRQHandler                       0x080001db   Thumb Code     0  startup_gd32f450_470.o(.text)
    CAN1_EWMC_IRQHandler                     0x080001db   Thumb Code     0  startup_gd32f450_470.o(.text)
    CAN1_RX0_IRQHandler                      0x080001db   Thumb Code     0  startup_gd32f450_470.o(.text)
    CAN1_RX1_IRQHandler                      0x080001db   Thumb Code     0  startup_gd32f450_470.o(.text)
    CAN1_TX_IRQHandler                       0x080001db   Thumb Code     0  startup_gd32f450_470.o(.text)
    DCI_IRQHandler                           0x080001db   Thumb Code     0  startup_gd32f450_470.o(.text)
    DMA0_Channel0_IRQHandler                 0x080001db   Thumb Code     0  startup_gd32f450_470.o(.text)
    DMA0_Channel1_IRQHandler                 0x080001db   Thumb Code     0  startup_gd32f450_470.o(.text)
    DMA0_Channel2_IRQHandler                 0x080001db   Thumb Code     0  startup_gd32f450_470.o(.text)
    DMA0_Channel3_IRQHandler                 0x080001db   Thumb Code     0  startup_gd32f450_470.o(.text)
    DMA0_Channel4_IRQHandler                 0x080001db   Thumb Code     0  startup_gd32f450_470.o(.text)
    DMA0_Channel5_IRQHandler                 0x080001db   Thumb Code     0  startup_gd32f450_470.o(.text)
    DMA0_Channel6_IRQHandler                 0x080001db   Thumb Code     0  startup_gd32f450_470.o(.text)
    DMA0_Channel7_IRQHandler                 0x080001db   Thumb Code     0  startup_gd32f450_470.o(.text)
    DMA1_Channel0_IRQHandler                 0x080001db   Thumb Code     0  startup_gd32f450_470.o(.text)
    DMA1_Channel1_IRQHandler                 0x080001db   Thumb Code     0  startup_gd32f450_470.o(.text)
    DMA1_Channel2_IRQHandler                 0x080001db   Thumb Code     0  startup_gd32f450_470.o(.text)
    DMA1_Channel3_IRQHandler                 0x080001db   Thumb Code     0  startup_gd32f450_470.o(.text)
    DMA1_Channel4_IRQHandler                 0x080001db   Thumb Code     0  startup_gd32f450_470.o(.text)
    DMA1_Channel5_IRQHandler                 0x080001db   Thumb Code     0  startup_gd32f450_470.o(.text)
    DMA1_Channel6_IRQHandler                 0x080001db   Thumb Code     0  startup_gd32f450_470.o(.text)
    DMA1_Channel7_IRQHandler                 0x080001db   Thumb Code     0  startup_gd32f450_470.o(.text)
    ENET_IRQHandler                          0x080001db   Thumb Code     0  startup_gd32f450_470.o(.text)
    ENET_WKUP_IRQHandler                     0x080001db   Thumb Code     0  startup_gd32f450_470.o(.text)
    EXMC_IRQHandler                          0x080001db   Thumb Code     0  startup_gd32f450_470.o(.text)
    EXTI1_IRQHandler                         0x080001db   Thumb Code     0  startup_gd32f450_470.o(.text)
    EXTI3_IRQHandler                         0x080001db   Thumb Code     0  startup_gd32f450_470.o(.text)
    EXTI4_IRQHandler                         0x080001db   Thumb Code     0  startup_gd32f450_470.o(.text)
    FMC_IRQHandler                           0x080001db   Thumb Code     0  startup_gd32f450_470.o(.text)
    FPU_IRQHandler                           0x080001db   Thumb Code     0  startup_gd32f450_470.o(.text)
    I2C0_ER_IRQHandler                       0x080001db   Thumb Code     0  startup_gd32f450_470.o(.text)
    I2C0_EV_IRQHandler                       0x080001db   Thumb Code     0  startup_gd32f450_470.o(.text)
    I2C1_ER_IRQHandler                       0x080001db   Thumb Code     0  startup_gd32f450_470.o(.text)
    I2C1_EV_IRQHandler                       0x080001db   Thumb Code     0  startup_gd32f450_470.o(.text)
    I2C2_ER_IRQHandler                       0x080001db   Thumb Code     0  startup_gd32f450_470.o(.text)
    I2C2_EV_IRQHandler                       0x080001db   Thumb Code     0  startup_gd32f450_470.o(.text)
    IPA_IRQHandler                           0x080001db   Thumb Code     0  startup_gd32f450_470.o(.text)
    LVD_IRQHandler                           0x080001db   Thumb Code     0  startup_gd32f450_470.o(.text)
    RCU_CTC_IRQHandler                       0x080001db   Thumb Code     0  startup_gd32f450_470.o(.text)
    RTC_Alarm_IRQHandler                     0x080001db   Thumb Code     0  startup_gd32f450_470.o(.text)
    RTC_WKUP_IRQHandler                      0x080001db   Thumb Code     0  startup_gd32f450_470.o(.text)
    SDIO_IRQHandler                          0x080001db   Thumb Code     0  startup_gd32f450_470.o(.text)
    SPI0_IRQHandler                          0x080001db   Thumb Code     0  startup_gd32f450_470.o(.text)
    SPI1_IRQHandler                          0x080001db   Thumb Code     0  startup_gd32f450_470.o(.text)
    SPI2_IRQHandler                          0x080001db   Thumb Code     0  startup_gd32f450_470.o(.text)
    SPI3_IRQHandler                          0x080001db   Thumb Code     0  startup_gd32f450_470.o(.text)
    SPI4_IRQHandler                          0x080001db   Thumb Code     0  startup_gd32f450_470.o(.text)
    SPI5_IRQHandler                          0x080001db   Thumb Code     0  startup_gd32f450_470.o(.text)
    TAMPER_STAMP_IRQHandler                  0x080001db   Thumb Code     0  startup_gd32f450_470.o(.text)
    TIMER0_BRK_TIMER8_IRQHandler             0x080001db   Thumb Code     0  startup_gd32f450_470.o(.text)
    TIMER0_Channel_IRQHandler                0x080001db   Thumb Code     0  startup_gd32f450_470.o(.text)
    TIMER0_TRG_CMT_TIMER10_IRQHandler        0x080001db   Thumb Code     0  startup_gd32f450_470.o(.text)
    TIMER0_UP_TIMER9_IRQHandler              0x080001db   Thumb Code     0  startup_gd32f450_470.o(.text)
    TIMER1_IRQHandler                        0x080001db   Thumb Code     0  startup_gd32f450_470.o(.text)
    TIMER2_IRQHandler                        0x080001db   Thumb Code     0  startup_gd32f450_470.o(.text)
    TIMER3_IRQHandler                        0x080001db   Thumb Code     0  startup_gd32f450_470.o(.text)
    TIMER4_IRQHandler                        0x080001db   Thumb Code     0  startup_gd32f450_470.o(.text)
    TIMER6_IRQHandler                        0x080001db   Thumb Code     0  startup_gd32f450_470.o(.text)
    TIMER7_BRK_TIMER11_IRQHandler            0x080001db   Thumb Code     0  startup_gd32f450_470.o(.text)
    TIMER7_Channel_IRQHandler                0x080001db   Thumb Code     0  startup_gd32f450_470.o(.text)
    TIMER7_TRG_CMT_TIMER13_IRQHandler        0x080001db   Thumb Code     0  startup_gd32f450_470.o(.text)
    TIMER7_UP_TIMER12_IRQHandler             0x080001db   Thumb Code     0  startup_gd32f450_470.o(.text)
    TLI_ER_IRQHandler                        0x080001db   Thumb Code     0  startup_gd32f450_470.o(.text)
    TLI_IRQHandler                           0x080001db   Thumb Code     0  startup_gd32f450_470.o(.text)
    TRNG_IRQHandler                          0x080001db   Thumb Code     0  startup_gd32f450_470.o(.text)
    UART3_IRQHandler                         0x080001db   Thumb Code     0  startup_gd32f450_470.o(.text)
    UART4_IRQHandler                         0x080001db   Thumb Code     0  startup_gd32f450_470.o(.text)
    UART6_IRQHandler                         0x080001db   Thumb Code     0  startup_gd32f450_470.o(.text)
    UART7_IRQHandler                         0x080001db   Thumb Code     0  startup_gd32f450_470.o(.text)
    USART0_IRQHandler                        0x080001db   Thumb Code     0  startup_gd32f450_470.o(.text)
    USART1_IRQHandler                        0x080001db   Thumb Code     0  startup_gd32f450_470.o(.text)
    USART2_IRQHandler                        0x080001db   Thumb Code     0  startup_gd32f450_470.o(.text)
    USART5_IRQHandler                        0x080001db   Thumb Code     0  startup_gd32f450_470.o(.text)
    USBFS_IRQHandler                         0x080001db   Thumb Code     0  startup_gd32f450_470.o(.text)
    USBFS_WKUP_IRQHandler                    0x080001db   Thumb Code     0  startup_gd32f450_470.o(.text)
    USBHS_EP1_In_IRQHandler                  0x080001db   Thumb Code     0  startup_gd32f450_470.o(.text)
    USBHS_EP1_Out_IRQHandler                 0x080001db   Thumb Code     0  startup_gd32f450_470.o(.text)
    USBHS_IRQHandler                         0x080001db   Thumb Code     0  startup_gd32f450_470.o(.text)
    USBHS_WKUP_IRQHandler                    0x080001db   Thumb Code     0  startup_gd32f450_470.o(.text)
    WWDGT_IRQHandler                         0x080001db   Thumb Code     0  startup_gd32f450_470.o(.text)
    abs                                      0x080001e5   Thumb Code     8  siabs.o(.text)
    __aeabi_memset                           0x080001ed   Thumb Code    14  memseta.o(.text)
    __aeabi_memset4                          0x080001ed   Thumb Code     0  memseta.o(.text)
    __aeabi_memset8                          0x080001ed   Thumb Code     0  memseta.o(.text)
    __aeabi_memclr                           0x080001fb   Thumb Code     4  memseta.o(.text)
    __aeabi_memclr4                          0x080001fb   Thumb Code     0  memseta.o(.text)
    __aeabi_memclr8                          0x080001fb   Thumb Code     0  memseta.o(.text)
    _memset$wrapper                          0x080001ff   Thumb Code    18  memseta.o(.text)
    memcmp                                   0x08000211   Thumb Code    26  memcmp.o(.text)
    __aeabi_dadd                             0x0800022b   Thumb Code   322  dadd.o(.text)
    __aeabi_dsub                             0x0800036d   Thumb Code     6  dadd.o(.text)
    __aeabi_drsub                            0x08000373   Thumb Code     6  dadd.o(.text)
    __aeabi_ddiv                             0x08000379   Thumb Code   222  ddiv.o(.text)
    __aeabi_f2d                              0x08000457   Thumb Code    38  f2d.o(.text)
    __aeabi_d2f                              0x0800047d   Thumb Code    56  d2f.o(.text)
    __aeabi_uidiv                            0x080004b5   Thumb Code     0  uidiv.o(.text)
    __aeabi_uidivmod                         0x080004b5   Thumb Code    44  uidiv.o(.text)
    __aeabi_uldivmod                         0x080004e1   Thumb Code    98  uldiv.o(.text)
    __aeabi_llsl                             0x08000543   Thumb Code    30  llshl.o(.text)
    _ll_shift_l                              0x08000543   Thumb Code     0  llshl.o(.text)
    __aeabi_lasr                             0x08000561   Thumb Code    36  llsshr.o(.text)
    _ll_sshift_r                             0x08000561   Thumb Code     0  llsshr.o(.text)
    __I$use$fp                               0x08000585   Thumb Code     0  iusefp.o(.text)
    _float_round                             0x08000585   Thumb Code    18  fepilogue.o(.text)
    _float_epilogue                          0x08000597   Thumb Code    92  fepilogue.o(.text)
    _double_round                            0x080005f3   Thumb Code    30  depilogue.o(.text)
    _double_epilogue                         0x08000611   Thumb Code   156  depilogue.o(.text)
    __aeabi_dmul                             0x080006ad   Thumb Code   228  dmul.o(.text)
    __aeabi_d2ulz                            0x08000791   Thumb Code    48  dfixul.o(.text)
    __aeabi_cdrcmple                         0x080007c1   Thumb Code    48  cdrcmple.o(.text)
    __scatterload                            0x080007f1   Thumb Code    28  init.o(.text)
    __scatterload_rt2                        0x080007f1   Thumb Code     0  init.o(.text)
    __aeabi_llsr                             0x08000815   Thumb Code    32  llushr.o(.text)
    _ll_ushift_r                             0x08000815   Thumb Code     0  llushr.o(.text)
    Adc0_GetValue                            0x08000835   Thumb Code    88  joystick.o(.text.Adc0_GetValue)
    AdcBat_Init                              0x0800088d   Thumb Code    30  joystick.o(.text.AdcBat_Init)
    AdcKey_Init                              0x080008b1   Thumb Code   304  joystick.o(.text.AdcKey_Init)
    Adc_Init                                 0x080009e1   Thumb Code   130  joystick.o(.text.Adc_Init)
    BusFault_Handler                         0x08000a65   Thumb Code     4  gd32f4xx_it.o(.text.BusFault_Handler)
    DebugMon_Handler                         0x08000a69   Thumb Code     4  gd32f4xx_it.o(.text.DebugMon_Handler)
    EXTI0_IRQHandler                         0x08000a6d   Thumb Code   138  key.o(.text.EXTI0_IRQHandler)
    EXTI10_15_IRQHandler                     0x08000af9   Thumb Code   152  key.o(.text.EXTI10_15_IRQHandler)
    EXTI2_IRQHandler                         0x08000b91   Thumb Code   144  key.o(.text.EXTI2_IRQHandler)
    EXTI5_9_IRQHandler                       0x08000c21   Thumb Code   152  key.o(.text.EXTI5_9_IRQHandler)
    Get_Joystick_X                           0x08000cb9   Thumb Code   176  joystick.o(.text.Get_Joystick_X)
    Get_Joystick_Y                           0x08000d69   Thumb Code   176  joystick.o(.text.Get_Joystick_Y)
    HardFault_Handler                        0x08000e19   Thumb Code     4  gd32f4xx_it.o(.text.HardFault_Handler)
    Joystick_ReadDir                         0x08000e1d   Thumb Code   232  joystick.o(.text.Joystick_ReadDir)
    LEDenable                                0x08000f05   Thumb Code   178  led.o(.text.LEDenable)
    Lcd_DrawFilledRectangle                  0x08000fb9   Thumb Code   136  basicdrawing.o(.text.Lcd_DrawFilledRectangle)
    Lcd_DrawImage                            0x08001041   Thumb Code   158  basicdrawing.o(.text.Lcd_DrawImage)
    Lcd_DrawLine                             0x080010e1   Thumb Code   274  basicdrawing.o(.text.Lcd_DrawLine)
    Lcd_DrawRectangle                        0x080011f5   Thumb Code   176  basicdrawing.o(.text.Lcd_DrawRectangle)
    Lcd_GetH                                 0x08001581   Thumb Code    58  screen.o(.text.Lcd_GetH)
    Lcd_GetW                                 0x0800162d   Thumb Code    58  screen.o(.text.Lcd_GetW)
    Lcd_Init                                 0x08001669   Thumb Code   580  screen.o(.text.Lcd_Init)
    Lcd_NewFrame                             0x080018ad   Thumb Code    24  basicdrawing.o(.text.Lcd_NewFrame)
    Lcd_PushStart                            0x080018c5   Thumb Code   224  screen.o(.text.Lcd_PushStart)
    Lcd_SetOrientation                       0x080019a5   Thumb Code    42  screen.o(.text.Lcd_SetOrientation)
    Lcd_SetPixel                             0x080019d1   Thumb Code   266  basicdrawing.o(.text.Lcd_SetPixel)
    Lcd_Show16ChineseChar                    0x08001add   Thumb Code   282  basicdrawing.o(.text.Lcd_Show16ChineseChar)
    Lcd_Show24ChineseChar                    0x08001bf9   Thumb Code   258  basicdrawing.o(.text.Lcd_Show24ChineseChar)
    Lcd_Show32ChineseChar                    0x08001cfd   Thumb Code   358  basicdrawing.o(.text.Lcd_Show32ChineseChar)
    Lcd_ShowChar                             0x08001e65   Thumb Code   774  basicdrawing.o(.text.Lcd_ShowChar)
    Lcd_ShowFrame                            0x0800216d   Thumb Code   150  basicdrawing.o(.text.Lcd_ShowFrame)
    Lcd_ShowString                           0x08002205   Thumb Code   458  basicdrawing.o(.text.Lcd_ShowString)
    Lcd_WriteCom                             0x080023d1   Thumb Code    60  screen.o(.text.Lcd_WriteCom)
    Lcd_WriteData                            0x0800240d   Thumb Code    60  screen.o(.text.Lcd_WriteData)
    Lcd_WriteData16                          0x08002449   Thumb Code    68  screen.o(.text.Lcd_WriteData16)
    MemManage_Handler                        0x0800248d   Thumb Code     4  gd32f4xx_it.o(.text.MemManage_Handler)
    NMI_Handler                              0x08002491   Thumb Code     4  gd32f4xx_it.o(.text.NMI_Handler)
    PendSV_Handler                           0x080024d9   Thumb Code     4  gd32f4xx_it.o(.text.PendSV_Handler)
    PwmMotor_Init                            0x080024dd   Thumb Code   190  motor.o(.text.PwmMotor_Init)
    SVC_Handler                              0x0800259d   Thumb Code     4  gd32f4xx_it.o(.text.SVC_Handler)
    Spi4_Init                                0x080025a1   Thumb Code   130  spi.o(.text.Spi4_Init)
    Spi4_Write                               0x08002625   Thumb Code    72  spi.o(.text.Spi4_Write)
    SysTick_Handler                          0x080026c1   Thumb Code     8  gd32f4xx_it.o(.text.SysTick_Handler)
    SystemInit                               0x080026c9   Thumb Code   452  system_gd32f4xx.o(.text.SystemInit)
    TIMER5_DAC_IRQHandler                    0x0800288d   Thumb Code   104  timer.o(.text.TIMER5_DAC_IRQHandler)
    TRNG_GetRandom                           0x080028f5   Thumb Code   170  random.o(.text.TRNG_GetRandom)
    TRNG_Init                                0x080029a1   Thumb Code    70  random.o(.text.TRNG_Init)
    UsageFault_Handler                       0x080029e9   Thumb Code     4  gd32f4xx_it.o(.text.UsageFault_Handler)
    adc_calibration_enable                   0x08002a15   Thumb Code    60  gd32f4xx_adc.o(.text.adc_calibration_enable)
    adc_channel_length_config                0x08002a51   Thumb Code   142  gd32f4xx_adc.o(.text.adc_channel_length_config)
    adc_clock_config                         0x08002ae1   Thumb Code    32  gd32f4xx_adc.o(.text.adc_clock_config)
    adc_data_alignment_config                0x08002b01   Thumb Code    40  gd32f4xx_adc.o(.text.adc_data_alignment_config)
    adc_enable                               0x08002b29   Thumb Code    30  gd32f4xx_adc.o(.text.adc_enable)
    adc_flag_clear                           0x08002b49   Thumb Code    20  gd32f4xx_adc.o(.text.adc_flag_clear)
    adc_flag_get                             0x08002b5d   Thumb Code    40  gd32f4xx_adc.o(.text.adc_flag_get)
    adc_routine_channel_config               0x08002b85   Thumb Code   372  gd32f4xx_adc.o(.text.adc_routine_channel_config)
    adc_routine_data_read                    0x08002cf9   Thumb Code    14  gd32f4xx_adc.o(.text.adc_routine_data_read)
    adc_software_trigger_enable              0x08002d09   Thumb Code    60  gd32f4xx_adc.o(.text.adc_software_trigger_enable)
    adc_special_function_config              0x08002d45   Thumb Code   166  gd32f4xx_adc.o(.text.adc_special_function_config)
    adc_sync_mode_config                     0x08002ded   Thumb Code    32  gd32f4xx_adc.o(.text.adc_sync_mode_config)
    basic_timer_config                       0x08002e0d   Thumb Code   114  timer.o(.text.basic_timer_config)
    darw_snake_head                          0x08002e81   Thumb Code   158  snake.o(.text.darw_snake_head)
    delay_1ms                                0x08002f21   Thumb Code    38  systick.o(.text.delay_1ms)
    delay_decrement                          0x08002f49   Thumb Code    32  systick.o(.text.delay_decrement)
    draw_food                                0x08002f69   Thumb Code   130  snake.o(.text.draw_food)
    draw_score_flame                         0x08002fed   Thumb Code    32  snake.o(.text.draw_score_flame)
    draw_snake_body                          0x0800300d   Thumb Code   128  snake.o(.text.draw_snake_body)
    erase_snake_tail                         0x0800308d   Thumb Code    36  snake.o(.text.erase_snake_tail)
    exti_init                                0x080030b1   Thumb Code   266  gd32f4xx_exti.o(.text.exti_init)
    exti_interrupt_enable                    0x080031bd   Thumb Code    24  gd32f4xx_exti.o(.text.exti_interrupt_enable)
    exti_interrupt_flag_clear                0x080031d5   Thumb Code    20  gd32f4xx_exti.o(.text.exti_interrupt_flag_clear)
    exti_interrupt_flag_get                  0x080031e9   Thumb Code    46  gd32f4xx_exti.o(.text.exti_interrupt_flag_get)
    food_init                                0x08003219   Thumb Code    12  food.o(.text.food_init)
    food_spawn                               0x08003225   Thumb Code   382  food.o(.text.food_spawn)
    game_init                                0x080033a5   Thumb Code    98  game.o(.text.game_init)
    gpio_af_set                              0x08003409   Thumb Code   212  gd32f4xx_gpio.o(.text.gpio_af_set)
    gpio_bit_set                             0x080034dd   Thumb Code    16  gd32f4xx_gpio.o(.text.gpio_bit_set)
    gpio_bit_toggle                          0x080034ed   Thumb Code    16  gd32f4xx_gpio.o(.text.gpio_bit_toggle)
    gpio_bit_write                           0x080034fd   Thumb Code    38  gd32f4xx_gpio.o(.text.gpio_bit_write)
    gpio_input_bit_get                       0x08003525   Thumb Code    42  gd32f4xx_gpio.o(.text.gpio_input_bit_get)
    gpio_mode_set                            0x08003551   Thumb Code   156  gd32f4xx_gpio.o(.text.gpio_mode_set)
    gpio_output_options_set                  0x080035ed   Thumb Code   146  gd32f4xx_gpio.o(.text.gpio_output_options_set)
    key_init                                 0x08003681   Thumb Code   294  key.o(.text.key_init)
    main                                     0x080037a9   Thumb Code   878  main.o(.text.main)
    map_x                                    0x08003b19   Thumb Code    16  snake.o(.text.map_x)
    map_y                                    0x08003b29   Thumb Code    20  snake.o(.text.map_y)
    nvic_irq_enable                          0x08003b3d   Thumb Code   294  gd32f4xx_misc.o(.text.nvic_irq_enable)
    nvic_priority_group_set                  0x08003c65   Thumb Code    28  gd32f4xx_misc.o(.text.nvic_priority_group_set)
    rcu_periph_clock_enable                  0x08003c81   Thumb Code    40  gd32f4xx_rcu.o(.text.rcu_periph_clock_enable)
    rcu_periph_reset_disable                 0x08003ca9   Thumb Code    40  gd32f4xx_rcu.o(.text.rcu_periph_reset_disable)
    rcu_periph_reset_enable                  0x08003cd1   Thumb Code    40  gd32f4xx_rcu.o(.text.rcu_periph_reset_enable)
    rcu_timer_clock_prescaler_config         0x08003cf9   Thumb Code    56  gd32f4xx_rcu.o(.text.rcu_timer_clock_prescaler_config)
    score_draw                               0x08003d31   Thumb Code    94  score.o(.text.score_draw)
    score_init                               0x08003d91   Thumb Code    14  score.o(.text.score_init)
    score_update                             0x08003da1   Thumb Code    30  score.o(.text.score_update)
    snake_draw                               0x08003dc1   Thumb Code   154  snake.o(.text.snake_draw)
    snake_erase                              0x08003e5d   Thumb Code   108  snake.o(.text.snake_erase)
    snake_grow                               0x08003ec9   Thumb Code    62  snake.o(.text.snake_grow)
    snake_init                               0x08003f09   Thumb Code    34  snake.o(.text.snake_init)
    snake_move                               0x08003f2d   Thumb Code   508  snake.o(.text.snake_move)
    spi_enable                               0x08004129   Thumb Code    18  gd32f4xx_spi.o(.text.spi_enable)
    spi_i2s_data_transmit                    0x0800413d   Thumb Code    20  gd32f4xx_spi.o(.text.spi_i2s_data_transmit)
    spi_i2s_flag_get                         0x08004151   Thumb Code    42  gd32f4xx_spi.o(.text.spi_i2s_flag_get)
    spi_init                                 0x0800417d   Thumb Code   114  gd32f4xx_spi.o(.text.spi_init)
    syscfg_exti_line_config                  0x080041f1   Thumb Code   180  gd32f4xx_syscfg.o(.text.syscfg_exti_line_config)
    systick_config                           0x08004429   Thumb Code    50  systick.o(.text.systick_config)
    timer_auto_reload_shadow_enable          0x0800445d   Thumb Code    18  gd32f4xx_timer.o(.text.timer_auto_reload_shadow_enable)
    timer_channel_output_config              0x08004471   Thumb Code   712  gd32f4xx_timer.o(.text.timer_channel_output_config)
    timer_channel_output_mode_config         0x08004739   Thumb Code   140  gd32f4xx_timer.o(.text.timer_channel_output_mode_config)
    timer_channel_output_pulse_value_config  0x080047c5   Thumb Code    70  gd32f4xx_timer.o(.text.timer_channel_output_pulse_value_config)
    timer_channel_output_shadow_config       0x0800480d   Thumb Code   140  gd32f4xx_timer.o(.text.timer_channel_output_shadow_config)
    timer_deinit                             0x08004899   Thumb Code   488  gd32f4xx_timer.o(.text.timer_deinit)
    timer_disable                            0x08004a81   Thumb Code    18  gd32f4xx_timer.o(.text.timer_disable)
    timer_enable                             0x08004a95   Thumb Code    18  gd32f4xx_timer.o(.text.timer_enable)
    timer_init                               0x08004aa9   Thumb Code   256  gd32f4xx_timer.o(.text.timer_init)
    timer_interrupt_enable                   0x08004ba9   Thumb Code    20  gd32f4xx_timer.o(.text.timer_interrupt_enable)
    timer_interrupt_flag_clear               0x08004bbd   Thumb Code    18  gd32f4xx_timer.o(.text.timer_interrupt_flag_clear)
    timer_interrupt_flag_get                 0x08004bd1   Thumb Code    58  gd32f4xx_timer.o(.text.timer_interrupt_flag_get)
    __0sprintf                               0x08004c0d   Thumb Code    34  printfa.o(i.__0sprintf)
    __1sprintf                               0x08004c0d   Thumb Code     0  printfa.o(i.__0sprintf)
    __2sprintf                               0x08004c0d   Thumb Code     0  printfa.o(i.__0sprintf)
    __c89sprintf                             0x08004c0d   Thumb Code     0  printfa.o(i.__0sprintf)
    sprintf                                  0x08004c0d   Thumb Code     0  printfa.o(i.__0sprintf)
    __scatterload_copy                       0x08004c35   Thumb Code    14  handlers.o(i.__scatterload_copy)
    __scatterload_null                       0x08004c43   Thumb Code     2  handlers.o(i.__scatterload_null)
    __scatterload_zeroinit                   0x08004c45   Thumb Code    14  handlers.o(i.__scatterload_zeroinit)
    font16Char                               0x08005510   Data        1520  font.o(.rodata.font16Char)
    font16Chinese                            0x08005b00   Data         350  font.o(.rodata.font16Chinese)
    font24Char                               0x08005c5e   Data        4560  font.o(.rodata.font24Char)
    font24Chinese                            0x08006e2e   Data        1500  font.o(.rodata.font24Chinese)
    font32Char                               0x0800740a   Data        6080  font.o(.rodata.font32Char)
    font32Chinese                            0x08008bca   Data        1048  font.o(.rodata.font32Chinese)
    gImage_food1                             0x08008fe2   Data         800  image.o(.rodata.gImage_food1)
    gImage_food2                             0x08009302   Data         800  image.o(.rodata.gImage_food2)
    gImage_food3                             0x08009622   Data         800  image.o(.rodata.gImage_food3)
    gImage_head_down                         0x08009942   Data         800  image.o(.rodata.gImage_head_down)
    gImage_head_left                         0x08009c62   Data         800  image.o(.rodata.gImage_head_left)
    gImage_head_right                        0x08009f82   Data         800  image.o(.rodata.gImage_head_right)
    gImage_head_up                           0x0800a2a2   Data         800  image.o(.rodata.gImage_head_up)
    gImage_main0                             0x0800a5c2   Data       133928  image.o(.rodata.gImage_main0)
    gImage_mode                              0x0802b0ea   Data       133920  image.o(.rodata.gImage_mode)
    gImage_score                             0x0804bc0a   Data        2320  image.o(.rodata.gImage_score)
    gImage_start                             0x0804c51a   Data       133920  image.o(.rodata.gImage_start)
    Region$$Table$$Base                      0x0806d04c   Number         0  anon$$obj.o(Region$$Table)
    Region$$Table$$Limit                     0x0806d06c   Number         0  anon$$obj.o(Region$$Table)
    SystemCoreClock                          0x20000000   Data           4  system_gd32f4xx.o(.data.SystemCoreClock)
    current_cursor                           0x20000004   Data           1  game.o(.data.current_cursor)
    A_pressed                                0x20000009   Data           1  key.o(.bss.A_pressed)
    B_pressed                                0x2000000b   Data           1  key.o(.bss.B_pressed)
    L_pressed                                0x20020d0d   Data           1  key.o(.bss.L_pressed)
    R_pressed                                0x20020d0f   Data           1  key.o(.bss.R_pressed)
    adcX_ValueOffset                         0x20020d10   Data           4  joystick.o(.bss.adcX_ValueOffset)
    adcY_ValueOffset                         0x20020d14   Data           4  joystick.o(.bss.adcY_ValueOffset)
    current_screen                           0x20020d18   Data           1  game.o(.bss.current_screen)
    food                                     0x20020d20   Data          12  food.o(.bss.food)
    game_has_init                            0x20020d2c   Data           4  game.o(.bss.game_has_init)
    game_over_flag                           0x20020d30   Data           4  game.o(.bss.game_over_flag)
    joyState                                 0x20020d34   Data           1  joystick.o(.bss.joyState)
    lcd_Orientation                          0x20020d3c   Data           1  screen.o(.bss.lcd_Orientation)
    motor_timer                              0x20020d3e   Data           2  motor.o(.bss.motor_timer)
    score                                    0x20020d40   Data           4  score.o(.bss.score)
    snake                                    0x20020d44   Data        1256  snake.o(.bss.snake)
    __initial_sp                             0x20021630   Data           0  startup_gd32f450_470.o(STACK)



==============================================================================

Memory Map of the image

  Image Entry point : 0x080001c1

  Load Region LR_1 (Base: 0x08000000, Size: 0x0006d074, Max: 0xffffffff, ABSOLUTE)

    Execution Region ER_RO (Exec base: 0x08000000, Load base: 0x08000000, Size: 0x0006d06c, Max: 0xffffffff, ABSOLUTE)

    Exec Addr    Load Addr    Size         Type   Attr      Idx    E Section Name        Object

    0x08000000   0x08000000   0x000001ac   Data   RO          235    RESET               startup_gd32f450_470.o
    0x080001ac   0x080001ac   0x00000000   Code   RO         2351  * .ARM.Collect$$$$00000000  mc_w.l(entry.o)
    0x080001ac   0x080001ac   0x00000004   Code   RO         2398    .ARM.Collect$$$$00000001  mc_w.l(entry2.o)
    0x080001b0   0x080001b0   0x00000004   Code   RO         2401    .ARM.Collect$$$$00000004  mc_w.l(entry5.o)
    0x080001b4   0x080001b4   0x00000000   Code   RO         2403    .ARM.Collect$$$$00000008  mc_w.l(entry7b.o)
    0x080001b4   0x080001b4   0x00000000   Code   RO         2405    .ARM.Collect$$$$0000000A  mc_w.l(entry8b.o)
    0x080001b4   0x080001b4   0x00000008   Code   RO         2406    .ARM.Collect$$$$0000000B  mc_w.l(entry9a.o)
    0x080001bc   0x080001bc   0x00000000   Code   RO         2408    .ARM.Collect$$$$0000000D  mc_w.l(entry10a.o)
    0x080001bc   0x080001bc   0x00000000   Code   RO         2410    .ARM.Collect$$$$0000000F  mc_w.l(entry11a.o)
    0x080001bc   0x080001bc   0x00000004   Code   RO         2399    .ARM.Collect$$$$00002712  mc_w.l(entry2.o)
    0x080001c0   0x080001c0   0x00000024   Code   RO          236  * .text               startup_gd32f450_470.o
    0x080001e4   0x080001e4   0x00000008   Code   RO         2354    .text               mc_w.l(siabs.o)
    0x080001ec   0x080001ec   0x00000024   Code   RO         2358    .text               mc_w.l(memseta.o)
    0x08000210   0x08000210   0x0000001a   Code   RO         2360    .text               mc_w.l(memcmp.o)
    0x0800022a   0x0800022a   0x0000014e   Code   RO         2390    .text               mf_w.l(dadd.o)
    0x08000378   0x08000378   0x000000de   Code   RO         2392    .text               mf_w.l(ddiv.o)
    0x08000456   0x08000456   0x00000026   Code   RO         2394    .text               mf_w.l(f2d.o)
    0x0800047c   0x0800047c   0x00000038   Code   RO         2396    .text               mf_w.l(d2f.o)
    0x080004b4   0x080004b4   0x0000002c   Code   RO         2426    .text               mc_w.l(uidiv.o)
    0x080004e0   0x080004e0   0x00000062   Code   RO         2428    .text               mc_w.l(uldiv.o)
    0x08000542   0x08000542   0x0000001e   Code   RO         2430    .text               mc_w.l(llshl.o)
    0x08000560   0x08000560   0x00000024   Code   RO         2432    .text               mc_w.l(llsshr.o)
    0x08000584   0x08000584   0x00000000   Code   RO         2434    .text               mc_w.l(iusefp.o)
    0x08000584   0x08000584   0x0000006e   Code   RO         2435    .text               mf_w.l(fepilogue.o)
    0x080005f2   0x080005f2   0x000000ba   Code   RO         2437    .text               mf_w.l(depilogue.o)
    0x080006ac   0x080006ac   0x000000e4   Code   RO         2439    .text               mf_w.l(dmul.o)
    0x08000790   0x08000790   0x00000030   Code   RO         2441    .text               mf_w.l(dfixul.o)
    0x080007c0   0x080007c0   0x00000030   Code   RO         2443    .text               mf_w.l(cdrcmple.o)
    0x080007f0   0x080007f0   0x00000024   Code   RO         2445    .text               mc_w.l(init.o)
    0x08000814   0x08000814   0x00000020   Code   RO         2448    .text               mc_w.l(llushr.o)
    0x08000834   0x08000834   0x00000058   Code   RO           20    .text.Adc0_GetValue  joystick.o
    0x0800088c   0x0800088c   0x0000001e   Code   RO           14    .text.AdcBat_Init   joystick.o
    0x080008aa   0x080008aa   0x00000006   PAD
    0x080008b0   0x080008b0   0x00000130   Code   RO           18    .text.AdcKey_Init   joystick.o
    0x080009e0   0x080009e0   0x00000082   Code   RO           16    .text.Adc_Init      joystick.o
    0x08000a62   0x08000a62   0x00000002   PAD
    0x08000a64   0x08000a64   0x00000004   Code   RO          249    .text.BusFault_Handler  gd32f4xx_it.o
    0x08000a68   0x08000a68   0x00000004   Code   RO          255    .text.DebugMon_Handler  gd32f4xx_it.o
    0x08000a6c   0x08000a6c   0x0000008a   Code   RO           41    .text.EXTI0_IRQHandler  key.o
    0x08000af6   0x08000af6   0x00000002   PAD
    0x08000af8   0x08000af8   0x00000098   Code   RO           47    .text.EXTI10_15_IRQHandler  key.o
    0x08000b90   0x08000b90   0x00000090   Code   RO           43    .text.EXTI2_IRQHandler  key.o
    0x08000c20   0x08000c20   0x00000098   Code   RO           45    .text.EXTI5_9_IRQHandler  key.o
    0x08000cb8   0x08000cb8   0x000000b0   Code   RO           22    .text.Get_Joystick_X  joystick.o
    0x08000d68   0x08000d68   0x000000b0   Code   RO           24    .text.Get_Joystick_Y  joystick.o
    0x08000e18   0x08000e18   0x00000004   Code   RO          245    .text.HardFault_Handler  gd32f4xx_it.o
    0x08000e1c   0x08000e1c   0x000000e8   Code   RO           26    .text.Joystick_ReadDir  joystick.o
    0x08000f04   0x08000f04   0x000000b2   Code   RO           64    .text.LEDenable     led.o
    0x08000fb6   0x08000fb6   0x00000002   PAD
    0x08000fb8   0x08000fb8   0x00000088   Code   RO         2304    .text.Lcd_DrawFilledRectangle  basicdrawing.o
    0x08001040   0x08001040   0x0000009e   Code   RO         2316    .text.Lcd_DrawImage  basicdrawing.o
    0x080010de   0x080010de   0x00000002   PAD
    0x080010e0   0x080010e0   0x00000112   Code   RO         2300    .text.Lcd_DrawLine  basicdrawing.o
    0x080011f2   0x080011f2   0x00000002   PAD
    0x080011f4   0x080011f4   0x000000b0   Code   RO         2302    .text.Lcd_DrawRectangle  basicdrawing.o
    0x080012a4   0x080012a4   0x000000a2   Code   RO         2324    .text.Lcd_Get16ChineseBitmap  basicdrawing.o
    0x08001346   0x08001346   0x00000002   PAD
    0x08001348   0x08001348   0x000000a2   Code   RO         2328    .text.Lcd_Get24ChineseBitmap  basicdrawing.o
    0x080013ea   0x080013ea   0x00000002   PAD
    0x080013ec   0x080013ec   0x000000a2   Code   RO         2332    .text.Lcd_Get32ChineseBitmap  basicdrawing.o
    0x0800148e   0x0800148e   0x00000002   PAD
    0x08001490   0x08001490   0x000000f0   Code   RO         2320    .text.Lcd_GetAsciiBitmap  basicdrawing.o
    0x08001580   0x08001580   0x0000003a   Code   RO           95    .text.Lcd_GetH      screen.o
    0x080015ba   0x080015ba   0x00000002   PAD
    0x080015bc   0x080015bc   0x00000070   Code   RO         2336    .text.Lcd_GetUtf8Len  basicdrawing.o
    0x0800162c   0x0800162c   0x0000003a   Code   RO           93    .text.Lcd_GetW      screen.o
    0x08001666   0x08001666   0x00000002   PAD
    0x08001668   0x08001668   0x00000244   Code   RO           89    .text.Lcd_Init      screen.o
    0x080018ac   0x080018ac   0x00000018   Code   RO         2292    .text.Lcd_NewFrame  basicdrawing.o
    0x080018c4   0x080018c4   0x000000e0   Code   RO           97    .text.Lcd_PushStart  screen.o
    0x080019a4   0x080019a4   0x0000002a   Code   RO           91    .text.Lcd_SetOrientation  screen.o
    0x080019ce   0x080019ce   0x00000002   PAD
    0x080019d0   0x080019d0   0x0000010a   Code   RO         2296    .text.Lcd_SetPixel  basicdrawing.o
    0x08001ada   0x08001ada   0x00000002   PAD
    0x08001adc   0x08001adc   0x0000011a   Code   RO         2322    .text.Lcd_Show16ChineseChar  basicdrawing.o
    0x08001bf6   0x08001bf6   0x00000002   PAD
    0x08001bf8   0x08001bf8   0x00000102   Code   RO         2326    .text.Lcd_Show24ChineseChar  basicdrawing.o
    0x08001cfa   0x08001cfa   0x00000002   PAD
    0x08001cfc   0x08001cfc   0x00000166   Code   RO         2330    .text.Lcd_Show32ChineseChar  basicdrawing.o
    0x08001e62   0x08001e62   0x00000002   PAD
    0x08001e64   0x08001e64   0x00000306   Code   RO         2318    .text.Lcd_ShowChar  basicdrawing.o
    0x0800216a   0x0800216a   0x00000002   PAD
    0x0800216c   0x0800216c   0x00000096   Code   RO         2294    .text.Lcd_ShowFrame  basicdrawing.o
    0x08002202   0x08002202   0x00000002   PAD
    0x08002204   0x08002204   0x000001ca   Code   RO         2334    .text.Lcd_ShowString  basicdrawing.o
    0x080023ce   0x080023ce   0x00000002   PAD
    0x080023d0   0x080023d0   0x0000003c   Code   RO           85    .text.Lcd_WriteCom  screen.o
    0x0800240c   0x0800240c   0x0000003c   Code   RO           81    .text.Lcd_WriteData  screen.o
    0x08002448   0x08002448   0x00000044   Code   RO           83    .text.Lcd_WriteData16  screen.o
    0x0800248c   0x0800248c   0x00000004   Code   RO          247    .text.MemManage_Handler  gd32f4xx_it.o
    0x08002490   0x08002490   0x00000004   Code   RO          243    .text.NMI_Handler   gd32f4xx_it.o
    0x08002494   0x08002494   0x00000044   Code   RO          282    .text.NVIC_SetPriority  systick.o
    0x080024d8   0x080024d8   0x00000004   Code   RO          257    .text.PendSV_Handler  gd32f4xx_it.o
    0x080024dc   0x080024dc   0x000000be   Code   RO          141    .text.PwmMotor_Init  motor.o
    0x0800259a   0x0800259a   0x00000002   PAD
    0x0800259c   0x0800259c   0x00000004   Code   RO          253    .text.SVC_Handler   gd32f4xx_it.o
    0x080025a0   0x080025a0   0x00000082   Code   RO          153    .text.Spi4_Init     spi.o
    0x08002622   0x08002622   0x00000002   PAD
    0x08002624   0x08002624   0x00000048   Code   RO          157    .text.Spi4_Write    spi.o
    0x0800266c   0x0800266c   0x00000052   Code   RO          280    .text.SysTick_Config  systick.o
    0x080026be   0x080026be   0x00000002   PAD
    0x080026c0   0x080026c0   0x00000008   Code   RO          259    .text.SysTick_Handler  gd32f4xx_it.o
    0x080026c8   0x080026c8   0x000001c4   Code   RO          213    .text.SystemInit    system_gd32f4xx.o
    0x0800288c   0x0800288c   0x00000068   Code   RO          117    .text.TIMER5_DAC_IRQHandler  timer.o
    0x080028f4   0x080028f4   0x000000aa   Code   RO          168    .text.TRNG_GetRandom  random.o
    0x0800299e   0x0800299e   0x00000002   PAD
    0x080029a0   0x080029a0   0x00000046   Code   RO          166    .text.TRNG_Init     random.o
    0x080029e6   0x080029e6   0x00000002   PAD
    0x080029e8   0x080029e8   0x00000004   Code   RO          251    .text.UsageFault_Handler  gd32f4xx_it.o
    0x080029ec   0x080029ec   0x00000028   Code   RO          215    .text._soft_delay_  system_gd32f4xx.o
    0x08002a14   0x08002a14   0x0000003c   Code   RO          308    .text.adc_calibration_enable  gd32f4xx_adc.o
    0x08002a50   0x08002a50   0x0000008e   Code   RO          330    .text.adc_channel_length_config  gd32f4xx_adc.o
    0x08002ade   0x08002ade   0x00000002   PAD
    0x08002ae0   0x08002ae0   0x00000020   Code   RO          298    .text.adc_clock_config  gd32f4xx_adc.o
    0x08002b00   0x08002b00   0x00000028   Code   RO          302    .text.adc_data_alignment_config  gd32f4xx_adc.o
    0x08002b28   0x08002b28   0x0000001e   Code   RO          304    .text.adc_enable    gd32f4xx_adc.o
    0x08002b46   0x08002b46   0x00000002   PAD
    0x08002b48   0x08002b48   0x00000014   Code   RO          362    .text.adc_flag_clear  gd32f4xx_adc.o
    0x08002b5c   0x08002b5c   0x00000028   Code   RO          360    .text.adc_flag_get  gd32f4xx_adc.o
    0x08002b84   0x08002b84   0x00000174   Code   RO          332    .text.adc_routine_channel_config  gd32f4xx_adc.o
    0x08002cf8   0x08002cf8   0x0000000e   Code   RO          346    .text.adc_routine_data_read  gd32f4xx_adc.o
    0x08002d06   0x08002d06   0x00000002   PAD
    0x08002d08   0x08002d08   0x0000003c   Code   RO          342    .text.adc_software_trigger_enable  gd32f4xx_adc.o
    0x08002d44   0x08002d44   0x000000a6   Code   RO          300    .text.adc_special_function_config  gd32f4xx_adc.o
    0x08002dea   0x08002dea   0x00000002   PAD
    0x08002dec   0x08002dec   0x00000020   Code   RO          376    .text.adc_sync_mode_config  gd32f4xx_adc.o
    0x08002e0c   0x08002e0c   0x00000072   Code   RO          115    .text.basic_timer_config  timer.o
    0x08002e7e   0x08002e7e   0x00000002   PAD
    0x08002e80   0x08002e80   0x0000009e   Code   RO         2217    .text.darw_snake_head  snake.o
    0x08002f1e   0x08002f1e   0x00000002   PAD
    0x08002f20   0x08002f20   0x00000026   Code   RO          284    .text.delay_1ms     systick.o
    0x08002f46   0x08002f46   0x00000002   PAD
    0x08002f48   0x08002f48   0x00000020   Code   RO          286    .text.delay_decrement  systick.o
    0x08002f68   0x08002f68   0x00000082   Code   RO         2221    .text.draw_food     snake.o
    0x08002fea   0x08002fea   0x00000002   PAD
    0x08002fec   0x08002fec   0x00000020   Code   RO         2223    .text.draw_score_flame  snake.o
    0x0800300c   0x0800300c   0x00000080   Code   RO         2219    .text.draw_snake_body  snake.o
    0x0800308c   0x0800308c   0x00000024   Code   RO         2211    .text.erase_snake_tail  snake.o
    0x080030b0   0x080030b0   0x0000010a   Code   RO         1019    .text.exti_init     gd32f4xx_exti.o
    0x080031ba   0x080031ba   0x00000002   PAD
    0x080031bc   0x080031bc   0x00000018   Code   RO         1021    .text.exti_interrupt_enable  gd32f4xx_exti.o
    0x080031d4   0x080031d4   0x00000014   Code   RO         1039    .text.exti_interrupt_flag_clear  gd32f4xx_exti.o
    0x080031e8   0x080031e8   0x0000002e   Code   RO         1037    .text.exti_interrupt_flag_get  gd32f4xx_exti.o
    0x08003216   0x08003216   0x00000002   PAD
    0x08003218   0x08003218   0x0000000c   Code   RO         2233    .text.food_init     food.o
    0x08003224   0x08003224   0x0000017e   Code   RO         2235    .text.food_spawn    food.o
    0x080033a2   0x080033a2   0x00000002   PAD
    0x080033a4   0x080033a4   0x00000062   Code   RO         2260    .text.game_init     game.o
    0x08003406   0x08003406   0x00000002   PAD
    0x08003408   0x08003408   0x000000d4   Code   RO         1176    .text.gpio_af_set   gd32f4xx_gpio.o
    0x080034dc   0x080034dc   0x00000010   Code   RO         1160    .text.gpio_bit_set  gd32f4xx_gpio.o
    0x080034ec   0x080034ec   0x00000010   Code   RO         1180    .text.gpio_bit_toggle  gd32f4xx_gpio.o
    0x080034fc   0x080034fc   0x00000026   Code   RO         1164    .text.gpio_bit_write  gd32f4xx_gpio.o
    0x08003522   0x08003522   0x00000002   PAD
    0x08003524   0x08003524   0x0000002a   Code   RO         1168    .text.gpio_input_bit_get  gd32f4xx_gpio.o
    0x0800354e   0x0800354e   0x00000002   PAD
    0x08003550   0x08003550   0x0000009c   Code   RO         1156    .text.gpio_mode_set  gd32f4xx_gpio.o
    0x080035ec   0x080035ec   0x00000092   Code   RO         1158    .text.gpio_output_options_set  gd32f4xx_gpio.o
    0x0800367e   0x0800367e   0x00000002   PAD
    0x08003680   0x08003680   0x00000126   Code   RO           39    .text.key_init      key.o
    0x080037a6   0x080037a6   0x00000002   PAD
    0x080037a8   0x080037a8   0x0000036e   Code   RO          268    .text.main          main.o
    0x08003b16   0x08003b16   0x00000002   PAD
    0x08003b18   0x08003b18   0x00000010   Code   RO         2201    .text.map_x         snake.o
    0x08003b28   0x08003b28   0x00000014   Code   RO         2203    .text.map_y         snake.o
    0x08003b3c   0x08003b3c   0x00000126   Code   RO         1356    .text.nvic_irq_enable  gd32f4xx_misc.o
    0x08003c62   0x08003c62   0x00000002   PAD
    0x08003c64   0x08003c64   0x0000001c   Code   RO         1354    .text.nvic_priority_group_set  gd32f4xx_misc.o
    0x08003c80   0x08003c80   0x00000028   Code   RO         1429    .text.rcu_periph_clock_enable  gd32f4xx_rcu.o
    0x08003ca8   0x08003ca8   0x00000028   Code   RO         1439    .text.rcu_periph_reset_disable  gd32f4xx_rcu.o
    0x08003cd0   0x08003cd0   0x00000028   Code   RO         1437    .text.rcu_periph_reset_enable  gd32f4xx_rcu.o
    0x08003cf8   0x08003cf8   0x00000038   Code   RO         1475    .text.rcu_timer_clock_prescaler_config  gd32f4xx_rcu.o
    0x08003d30   0x08003d30   0x0000005e   Code   RO         2249    .text.score_draw    score.o
    0x08003d8e   0x08003d8e   0x00000002   PAD
    0x08003d90   0x08003d90   0x0000000e   Code   RO         2245    .text.score_init    score.o
    0x08003d9e   0x08003d9e   0x00000002   PAD
    0x08003da0   0x08003da0   0x0000001e   Code   RO         2247    .text.score_update  score.o
    0x08003dbe   0x08003dbe   0x00000002   PAD
    0x08003dc0   0x08003dc0   0x0000009a   Code   RO         2215    .text.snake_draw    snake.o
    0x08003e5a   0x08003e5a   0x00000002   PAD
    0x08003e5c   0x08003e5c   0x0000006c   Code   RO         2213    .text.snake_erase   snake.o
    0x08003ec8   0x08003ec8   0x0000003e   Code   RO         2209    .text.snake_grow    snake.o
    0x08003f06   0x08003f06   0x00000002   PAD
    0x08003f08   0x08003f08   0x00000022   Code   RO         2205    .text.snake_init    snake.o
    0x08003f2a   0x08003f2a   0x00000002   PAD
    0x08003f2c   0x08003f2c   0x000001fc   Code   RO         2207    .text.snake_move    snake.o
    0x08004128   0x08004128   0x00000012   Code   RO         1724    .text.spi_enable    gd32f4xx_spi.o
    0x0800413a   0x0800413a   0x00000002   PAD
    0x0800413c   0x0800413c   0x00000014   Code   RO         1750    .text.spi_i2s_data_transmit  gd32f4xx_spi.o
    0x08004150   0x08004150   0x0000002a   Code   RO         1790    .text.spi_i2s_flag_get  gd32f4xx_spi.o
    0x0800417a   0x0800417a   0x00000002   PAD
    0x0800417c   0x0800417c   0x00000072   Code   RO         1722    .text.spi_init      gd32f4xx_spi.o
    0x080041ee   0x080041ee   0x00000002   PAD
    0x080041f0   0x080041f0   0x000000b4   Code   RO         1813    .text.syscfg_exti_line_config  gd32f4xx_syscfg.o
    0x080042a4   0x080042a4   0x0000017a   Code   RO          223    .text.system_clock_200m_25m_hxtal  system_gd32f4xx.o
    0x0800441e   0x0800441e   0x00000002   PAD
    0x08004420   0x08004420   0x00000008   Code   RO          217    .text.system_clock_config  system_gd32f4xx.o
    0x08004428   0x08004428   0x00000032   Code   RO          278    .text.systick_config  systick.o
    0x0800445a   0x0800445a   0x00000002   PAD
    0x0800445c   0x0800445c   0x00000012   Code   RO         1838    .text.timer_auto_reload_shadow_enable  gd32f4xx_timer.o
    0x0800446e   0x0800446e   0x00000002   PAD
    0x08004470   0x08004470   0x000002c8   Code   RO         1898    .text.timer_channel_output_config  gd32f4xx_timer.o
    0x08004738   0x08004738   0x0000008c   Code   RO         1900    .text.timer_channel_output_mode_config  gd32f4xx_timer.o
    0x080047c4   0x080047c4   0x00000046   Code   RO         1902    .text.timer_channel_output_pulse_value_config  gd32f4xx_timer.o
    0x0800480a   0x0800480a   0x00000002   PAD
    0x0800480c   0x0800480c   0x0000008c   Code   RO         1904    .text.timer_channel_output_shadow_config  gd32f4xx_timer.o
    0x08004898   0x08004898   0x000001e8   Code   RO         1828    .text.timer_deinit  gd32f4xx_timer.o
    0x08004a80   0x08004a80   0x00000012   Code   RO         1836    .text.timer_disable  gd32f4xx_timer.o
    0x08004a92   0x08004a92   0x00000002   PAD
    0x08004a94   0x08004a94   0x00000012   Code   RO         1834    .text.timer_enable  gd32f4xx_timer.o
    0x08004aa6   0x08004aa6   0x00000002   PAD
    0x08004aa8   0x08004aa8   0x00000100   Code   RO         1832    .text.timer_init    gd32f4xx_timer.o
    0x08004ba8   0x08004ba8   0x00000014   Code   RO         1964    .text.timer_interrupt_enable  gd32f4xx_timer.o
    0x08004bbc   0x08004bbc   0x00000012   Code   RO         1970    .text.timer_interrupt_flag_clear  gd32f4xx_timer.o
    0x08004bce   0x08004bce   0x00000002   PAD
    0x08004bd0   0x08004bd0   0x0000003a   Code   RO         1968    .text.timer_interrupt_flag_get  gd32f4xx_timer.o
    0x08004c0a   0x08004c0a   0x00000002   PAD
    0x08004c0c   0x08004c0c   0x00000028   Code   RO         2365    i.__0sprintf        mc_w.l(printfa.o)
    0x08004c34   0x08004c34   0x0000000e   Code   RO         2453    i.__scatterload_copy  mc_w.l(handlers.o)
    0x08004c42   0x08004c42   0x00000002   Code   RO         2454    i.__scatterload_null  mc_w.l(handlers.o)
    0x08004c44   0x08004c44   0x0000000e   Code   RO         2455    i.__scatterload_zeroinit  mc_w.l(handlers.o)
    0x08004c52   0x08004c52   0x00000002   PAD
    0x08004c54   0x08004c54   0x00000184   Code   RO         2370    i._fp_digits        mc_w.l(printfa.o)
    0x08004dd8   0x08004dd8   0x000006dc   Code   RO         2371    i._printf_core      mc_w.l(printfa.o)
    0x080054b4   0x080054b4   0x00000024   Code   RO         2372    i._printf_post_padding  mc_w.l(printfa.o)
    0x080054d8   0x080054d8   0x0000002e   Code   RO         2373    i._printf_pre_padding  mc_w.l(printfa.o)
    0x08005506   0x08005506   0x0000000a   Code   RO         2375    i._sputc            mc_w.l(printfa.o)
    0x08005510   0x08005510   0x000005f0   Data   RO            3    .rodata.font16Char  font.o
    0x08005b00   0x08005b00   0x0000015e   Data   RO            4    .rodata.font16Chinese  font.o
    0x08005c5e   0x08005c5e   0x000011d0   Data   RO            5    .rodata.font24Char  font.o
    0x08006e2e   0x08006e2e   0x000005dc   Data   RO            6    .rodata.font24Chinese  font.o
    0x0800740a   0x0800740a   0x000017c0   Data   RO            7    .rodata.font32Char  font.o
    0x08008bca   0x08008bca   0x00000418   Data   RO            8    .rodata.font32Chinese  font.o
    0x08008fe2   0x08008fe2   0x00000320   Data   RO         2282    .rodata.gImage_food1  image.o
    0x08009302   0x08009302   0x00000320   Data   RO         2281    .rodata.gImage_food2  image.o
    0x08009622   0x08009622   0x00000320   Data   RO         2280    .rodata.gImage_food3  image.o
    0x08009942   0x08009942   0x00000320   Data   RO         2276    .rodata.gImage_head_down  image.o
    0x08009c62   0x08009c62   0x00000320   Data   RO         2277    .rodata.gImage_head_left  image.o
    0x08009f82   0x08009f82   0x00000320   Data   RO         2279    .rodata.gImage_head_right  image.o
    0x0800a2a2   0x0800a2a2   0x00000320   Data   RO         2275    .rodata.gImage_head_up  image.o
    0x0800a5c2   0x0800a5c2   0x00020b28   Data   RO         2285    .rodata.gImage_main0  image.o
    0x0802b0ea   0x0802b0ea   0x00020b20   Data   RO         2283    .rodata.gImage_mode  image.o
    0x0804bc0a   0x0804bc0a   0x00000910   Data   RO         2278    .rodata.gImage_score  image.o
    0x0804c51a   0x0804c51a   0x00020b20   Data   RO         2284    .rodata.gImage_start  image.o
    0x0806d03a   0x0806d03a   0x0000000d   Data   RO          270    .rodata.str1.1      main.o
    0x0806d047   0x0806d047   0x00000003   Data   RO         2252    .rodata.str1.1      score.o
    0x0806d04a   0x0806d04a   0x00000002   PAD
    0x0806d04c   0x0806d04c   0x00000020   Data   RO         2452    Region$$Table       anon$$obj.o


    Execution Region ER_RW (Exec base: 0x20000000, Load base: 0x0806d06c, Size: 0x00000008, Max: 0xffffffff, ABSOLUTE)

    Exec Addr    Load Addr    Size         Type   Attr      Idx    E Section Name        Object

    0x20000000   0x0806d06c   0x00000004   Data   RW          225    .data.SystemCoreClock  system_gd32f4xx.o
    0x20000004   0x0806d070   0x00000001   Data   RW         2267    .data.current_cursor  game.o


    Execution Region ER_ZI (Exec base: 0x20000008, Load base: 0x0806d074, Size: 0x00021628, Max: 0xffffffff, ABSOLUTE)

    Exec Addr    Load Addr    Size         Type   Attr      Idx    E Section Name        Object

    0x20000008        -       0x00000001   Zero   RW           55    .bss.A_lock         key.o
    0x20000009        -       0x00000001   Zero   RW           51    .bss.A_pressed      key.o
    0x2000000a        -       0x00000001   Zero   RW           56    .bss.B_lock         key.o
    0x2000000b        -       0x00000001   Zero   RW           52    .bss.B_pressed      key.o
    0x2000000c        -       0x00020d00   Zero   RW         2344    .bss.LCD_GRAM       basicdrawing.o
    0x20020d0c        -       0x00000001   Zero   RW           53    .bss.L_lock         key.o
    0x20020d0d        -       0x00000001   Zero   RW           49    .bss.L_pressed      key.o
    0x20020d0e        -       0x00000001   Zero   RW           54    .bss.R_lock         key.o
    0x20020d0f        -       0x00000001   Zero   RW           50    .bss.R_pressed      key.o
    0x20020d10        -       0x00000004   Zero   RW           30    .bss.adcX_ValueOffset  joystick.o
    0x20020d14        -       0x00000004   Zero   RW           31    .bss.adcY_ValueOffset  joystick.o
    0x20020d18        -       0x00000001   Zero   RW         2266    .bss.current_screen  game.o
    0x20020d19   0x0806d074   0x00000003   PAD
    0x20020d1c        -       0x00000004   Zero   RW          288    .bss.delay          systick.o
    0x20020d20        -       0x0000000c   Zero   RW         2237    .bss.food           food.o
    0x20020d2c        -       0x00000004   Zero   RW         2265    .bss.game_has_init  game.o
    0x20020d30        -       0x00000004   Zero   RW         2264    .bss.game_over_flag  game.o
    0x20020d34        -       0x00000001   Zero   RW           29    .bss.joyState       joystick.o
    0x20020d35   0x0806d074   0x00000003   PAD
    0x20020d38        -       0x00000004   Zero   RW          170    .bss.last_random    random.o
    0x20020d3c        -       0x00000001   Zero   RW          107    .bss.lcd_Orientation  screen.o
    0x20020d3d   0x0806d074   0x00000001   PAD
    0x20020d3e        -       0x00000002   Zero   RW          145    .bss.motor_timer    motor.o
    0x20020d40        -       0x00000004   Zero   RW         2251    .bss.score          score.o
    0x20020d44        -       0x000004e8   Zero   RW         2225    .bss.snake          snake.o
    0x2002122c   0x0806d074   0x00000004   PAD
    0x20021230        -       0x00000400   Zero   RW          233    STACK               startup_gd32f450_470.o


==============================================================================

Image component sizes


      Code (inc. data)   RO Data    RW Data    ZI Data      Debug   Object Name

      4152          0          0          0     134400      12244   basicdrawing.o
         0          0      15058          0          0        945   font.o
       394          0          0          0         12       1073   food.o
        98          0          0          1          9        911   game.o
      1008          0          0          0          0      10357   gd32f4xx_adc.o
       356          4          0          0          0       2929   gd32f4xx_exti.o
       626          0          0          0          0       4923   gd32f4xx_gpio.o
        40          0          0          0          0        985   gd32f4xx_it.o
       322          0          0          0          0       5259   gd32f4xx_misc.o
       176          0          0          0          0      14989   gd32f4xx_rcu.o
       194          0          0          0          0       8906   gd32f4xx_spi.o
       180          4          0          0          0       3408   gd32f4xx_syscfg.o
      1956         20          0          0          0      17203   gd32f4xx_timer.o
         0          0     409688          0          0        806   image.o
      1136         80          0          0          9       4634   joystick.o
       880          0          0          0          8       5473   key.o
       178          0          0          0          0       2483   led.o
       878          0         13          0          0       1178   main.o
       190          0          0          0          2       2729   motor.o
       240          0          0          0          4       2156   random.o
       138          0          3          0          4        798   score.o
      1150          0          0          0          1       3979   screen.o
      1386          8          0          0       1256       2972   snake.o
       202          0          0          0          0       2529   spi.o
        36          8        428          0       1024        900   startup_gd32f450_470.o
       878          0          0          4          0       2928   system_gd32f4xx.o
       270          0          0          0          4       4498   systick.o
       218          0          0          0          0       4592   timer.o

    ----------------------------------------------------------------------
     17404        124     425224          8     136744     126787   Object Totals
         0          0         32          0          0          0   (incl. Generated)
       122          0          2          3         11          0   (incl. Padding)

    ----------------------------------------------------------------------

      Code (inc. data)   RO Data    RW Data    ZI Data      Debug   Library Member Name

         0          0          0          0          0          0   entry.o
         0          0          0          0          0          0   entry10a.o
         0          0          0          0          0          0   entry11a.o
         8          4          0          0          0          0   entry2.o
         4          0          0          0          0          0   entry5.o
         0          0          0          0          0          0   entry7b.o
         0          0          0          0          0          0   entry8b.o
         8          4          0          0          0          0   entry9a.o
        30          0          0          0          0          0   handlers.o
        36          8          0          0          0         68   init.o
         0          0          0          0          0          0   iusefp.o
        30          0          0          0          0         68   llshl.o
        36          0          0          0          0         68   llsshr.o
        32          0          0          0          0         68   llushr.o
        26          0          0          0          0         80   memcmp.o
        36          0          0          0          0        108   memseta.o
      2276         86          0          0          0        520   printfa.o
         8          0          0          0          0         68   siabs.o
        44          0          0          0          0         80   uidiv.o
        98          0          0          0          0         92   uldiv.o
        48          0          0          0          0         68   cdrcmple.o
        56          0          0          0          0         88   d2f.o
       334          0          0          0          0        148   dadd.o
       222          0          0          0          0        100   ddiv.o
       186          0          0          0          0        176   depilogue.o
        48          0          0          0          0         68   dfixul.o
       228          0          0          0          0         96   dmul.o
        38          0          0          0          0         68   f2d.o
       110          0          0          0          0        168   fepilogue.o

    ----------------------------------------------------------------------
      3944        102          0          0          0       2200   Library Totals
         2          0          0          0          0          0   (incl. Padding)

    ----------------------------------------------------------------------

      Code (inc. data)   RO Data    RW Data    ZI Data      Debug   Library Name

      2672        102          0          0          0       1220   mc_w.l
      1270          0          0          0          0        980   mf_w.l

    ----------------------------------------------------------------------
      3944        102          0          0          0       2200   Library Totals

    ----------------------------------------------------------------------

==============================================================================


      Code (inc. data)   RO Data    RW Data    ZI Data      Debug   

     21348        226     425224          8     136744     127671   Grand Totals
     21348        226     425224          8     136744     127671   ELF Image Totals
     21348        226     425224          8          0          0   ROM Totals

==============================================================================

    Total RO  Size (Code + RO Data)               446572 ( 436.11kB)
    Total RW  Size (RW Data + ZI Data)            136752 ( 133.55kB)
    Total ROM Size (Code + RO Data + RW Data)     446580 ( 436.11kB)

==============================================================================

